Archive member included to satisfy reference by file (symbol)

/Applications/STM32CubeIDE.app/Contents/Eclipse/plugins/com.st.stm32cube.ide.mcu.externaltools.gnu-tools-for-stm32.10.3-2021.10.macos64_1.0.0.202111181127/tools/bin/../lib/gcc/arm-none-eabi/10.3.1/../../../../arm-none-eabi/lib/thumb/v7e-m+fp/hard/libc_nano.a(lib_a-errno.o)
                              ./Core/Src/syscalls.o (__errno)
/Applications/STM32CubeIDE.app/Contents/Eclipse/plugins/com.st.stm32cube.ide.mcu.externaltools.gnu-tools-for-stm32.10.3-2021.10.macos64_1.0.0.202111181127/tools/bin/../lib/gcc/arm-none-eabi/10.3.1/../../../../arm-none-eabi/lib/thumb/v7e-m+fp/hard/libc_nano.a(lib_a-exit.o)
                              /Applications/STM32CubeIDE.app/Contents/Eclipse/plugins/com.st.stm32cube.ide.mcu.externaltools.gnu-tools-for-stm32.10.3-2021.10.macos64_1.0.0.202111181127/tools/bin/../lib/gcc/arm-none-eabi/10.3.1/../../../../arm-none-eabi/lib/thumb/v7e-m+fp/hard/crt0.o (exit)
/Applications/STM32CubeIDE.app/Contents/Eclipse/plugins/com.st.stm32cube.ide.mcu.externaltools.gnu-tools-for-stm32.10.3-2021.10.macos64_1.0.0.202111181127/tools/bin/../lib/gcc/arm-none-eabi/10.3.1/../../../../arm-none-eabi/lib/thumb/v7e-m+fp/hard/libc_nano.a(lib_a-findfp.o)
                              ./Middlewares/Third_Party/FreeRTOS/Source/tasks.o (__sf_fake_stderr)
/Applications/STM32CubeIDE.app/Contents/Eclipse/plugins/com.st.stm32cube.ide.mcu.externaltools.gnu-tools-for-stm32.10.3-2021.10.macos64_1.0.0.202111181127/tools/bin/../lib/gcc/arm-none-eabi/10.3.1/../../../../arm-none-eabi/lib/thumb/v7e-m+fp/hard/libc_nano.a(lib_a-fwalk.o)
                              /Applications/STM32CubeIDE.app/Contents/Eclipse/plugins/com.st.stm32cube.ide.mcu.externaltools.gnu-tools-for-stm32.10.3-2021.10.macos64_1.0.0.202111181127/tools/bin/../lib/gcc/arm-none-eabi/10.3.1/../../../../arm-none-eabi/lib/thumb/v7e-m+fp/hard/libc_nano.a(lib_a-findfp.o) (_fwalk)
/Applications/STM32CubeIDE.app/Contents/Eclipse/plugins/com.st.stm32cube.ide.mcu.externaltools.gnu-tools-for-stm32.10.3-2021.10.macos64_1.0.0.202111181127/tools/bin/../lib/gcc/arm-none-eabi/10.3.1/../../../../arm-none-eabi/lib/thumb/v7e-m+fp/hard/libc_nano.a(lib_a-impure.o)
                              /Applications/STM32CubeIDE.app/Contents/Eclipse/plugins/com.st.stm32cube.ide.mcu.externaltools.gnu-tools-for-stm32.10.3-2021.10.macos64_1.0.0.202111181127/tools/bin/../lib/gcc/arm-none-eabi/10.3.1/../../../../arm-none-eabi/lib/thumb/v7e-m+fp/hard/libc_nano.a(lib_a-exit.o) (_global_impure_ptr)
/Applications/STM32CubeIDE.app/Contents/Eclipse/plugins/com.st.stm32cube.ide.mcu.externaltools.gnu-tools-for-stm32.10.3-2021.10.macos64_1.0.0.202111181127/tools/bin/../lib/gcc/arm-none-eabi/10.3.1/../../../../arm-none-eabi/lib/thumb/v7e-m+fp/hard/libc_nano.a(lib_a-init.o)
                              /Applications/STM32CubeIDE.app/Contents/Eclipse/plugins/com.st.stm32cube.ide.mcu.externaltools.gnu-tools-for-stm32.10.3-2021.10.macos64_1.0.0.202111181127/tools/bin/../lib/gcc/arm-none-eabi/10.3.1/../../../../arm-none-eabi/lib/thumb/v7e-m+fp/hard/crt0.o (__libc_init_array)
/Applications/STM32CubeIDE.app/Contents/Eclipse/plugins/com.st.stm32cube.ide.mcu.externaltools.gnu-tools-for-stm32.10.3-2021.10.macos64_1.0.0.202111181127/tools/bin/../lib/gcc/arm-none-eabi/10.3.1/../../../../arm-none-eabi/lib/thumb/v7e-m+fp/hard/libc_nano.a(lib_a-lock.o)
                              /Applications/STM32CubeIDE.app/Contents/Eclipse/plugins/com.st.stm32cube.ide.mcu.externaltools.gnu-tools-for-stm32.10.3-2021.10.macos64_1.0.0.202111181127/tools/bin/../lib/gcc/arm-none-eabi/10.3.1/../../../../arm-none-eabi/lib/thumb/v7e-m+fp/hard/libc_nano.a(lib_a-findfp.o) (__retarget_lock_init_recursive)
/Applications/STM32CubeIDE.app/Contents/Eclipse/plugins/com.st.stm32cube.ide.mcu.externaltools.gnu-tools-for-stm32.10.3-2021.10.macos64_1.0.0.202111181127/tools/bin/../lib/gcc/arm-none-eabi/10.3.1/../../../../arm-none-eabi/lib/thumb/v7e-m+fp/hard/libc_nano.a(lib_a-memcpy-stub.o)
                              ./Middlewares/Third_Party/FreeRTOS/Source/CMSIS_RTOS_V2/cmsis_os2.o (memcpy)
/Applications/STM32CubeIDE.app/Contents/Eclipse/plugins/com.st.stm32cube.ide.mcu.externaltools.gnu-tools-for-stm32.10.3-2021.10.macos64_1.0.0.202111181127/tools/bin/../lib/gcc/arm-none-eabi/10.3.1/../../../../arm-none-eabi/lib/thumb/v7e-m+fp/hard/libc_nano.a(lib_a-memset.o)
                              /Applications/STM32CubeIDE.app/Contents/Eclipse/plugins/com.st.stm32cube.ide.mcu.externaltools.gnu-tools-for-stm32.10.3-2021.10.macos64_1.0.0.202111181127/tools/bin/../lib/gcc/arm-none-eabi/10.3.1/../../../../arm-none-eabi/lib/thumb/v7e-m+fp/hard/crt0.o (memset)
/Applications/STM32CubeIDE.app/Contents/Eclipse/plugins/com.st.stm32cube.ide.mcu.externaltools.gnu-tools-for-stm32.10.3-2021.10.macos64_1.0.0.202111181127/tools/bin/../lib/gcc/arm-none-eabi/10.3.1/../../../../arm-none-eabi/lib/thumb/v7e-m+fp/hard/libc_nano.a(lib_a-nano-mallocr.o)
[...]
Memory Configuration

Name             Origin             Length             Attributes
RAM              0x0000000020000000 0x000000000001c000 xrw
FLASH            0x0000000008000000 0x0000000000080000 xr
*default*        0x0000000000000000 0xffffffffffffffff

Linker script and memory map

LOAD /Applications/STM32CubeIDE.app/Contents/Eclipse/plugins/com.st.stm32cube.ide.mcu.externaltools.gnu-tools-for-stm32.10.3-2021.10.macos64_1.0.0.202111181127/tools/bin/../lib/gcc/arm-none-eabi/10.3.1/thumb/v7e-m+fp/hard/crti.o
LOAD /Applications/STM32CubeIDE.app/Contents/Eclipse/plugins/com.st.stm32cube.ide.mcu.externaltools.gnu-tools-for-stm32.10.3-2021.10.macos64_1.0.0.202111181127/tools/bin/../lib/gcc/arm-none-eabi/10.3.1/thumb/v7e-m+fp/hard/crtbegin.o
LOAD /Applications/STM32CubeIDE.app/Contents/Eclipse/plugins/com.st.stm32cube.ide.mcu.externaltools.gnu-tools-for-stm32.10.3-2021.10.macos64_1.0.0.202111181127/tools/bin/../lib/gcc/arm-none-eabi/10.3.1/../../../../arm-none-eabi/lib/thumb/v7e-m+fp/hard/crt0.o
LOAD ./Core/Src/app_freertos.o
LOAD ./Core/Src/main.o
LOAD ./Core/Src/stm32g4xx_hal_msp.o
LOAD ./Core/Src/stm32g4xx_hal_timebase_tim.o
LOAD ./Core/Src/stm32g4xx_it.o
LOAD ./Core/Src/syscalls.o
LOAD ./Core/Src/sysmem.o
LOAD ./Core/Src/system_stm32g4xx.o
LOAD ./Core/Startup/startup_stm32g491ceux.o
LOAD ./Drivers/STM32G4xx_HAL_Driver/Src/stm32g4xx_hal.o
LOAD ./Drivers/STM32G4xx_HAL_Driver/Src/stm32g4xx_hal_adc.o
LOAD ./Drivers/STM32G4xx_HAL_Driver/Src/stm32g4xx_hal_adc_ex.o
LOAD ./Drivers/STM32G4xx_HAL_Driver/Src/stm32g4xx_hal_cordic.o
LOAD ./Drivers/STM32G4xx_HAL_Driver/Src/stm32g4xx_hal_cortex.o
LOAD ./Drivers/STM32G4xx_HAL_Driver/Src/stm32g4xx_hal_dma.o
LOAD ./Drivers/STM32G4xx_HAL_Driver/Src/stm32g4xx_hal_dma_ex.o
LOAD ./Drivers/STM32G4xx_HAL_Driver/Src/stm32g4xx_hal_exti.o
LOAD ./Drivers/STM32G4xx_HAL_Driver/Src/stm32g4xx_hal_flash.o
LOAD ./Drivers/STM32G4xx_HAL_Driver/Src/stm32g4xx_hal_flash_ex.o
LOAD ./Drivers/STM32G4xx_HAL_Driver/Src/stm32g4xx_hal_flash_ramfunc.o
LOAD ./Drivers/STM32G4xx_HAL_Driver/Src/stm32g4xx_hal_fmac.o
LOAD ./Drivers/STM32G4xx_HAL_Driver/Src/stm32g4xx_hal_gpio.o
LOAD ./Drivers/STM32G4xx_HAL_Driver/Src/stm32g4xx_hal_pcd.o
LOAD ./Drivers/STM32G4xx_HAL_Driver/Src/stm32g4xx_hal_pcd_ex.o
LOAD ./Drivers/STM32G4xx_HAL_Driver/Src/stm32g4xx_hal_pwr.o
LOAD ./Drivers/STM32G4xx_HAL_Driver/Src/stm32g4xx_hal_pwr_ex.o
LOAD ./Drivers/STM32G4xx_HAL_Driver/Src/stm32g4xx_hal_rcc.o
LOAD ./Drivers/STM32G4xx_HAL_Driver/Src/stm32g4xx_hal_rcc_ex.o
LOAD ./Drivers/STM32G4xx_HAL_Driver/Src/stm32g4xx_hal_spi.o
LOAD ./Drivers/STM32G4xx_HAL_Driver/Src/stm32g4xx_hal_spi_ex.o
LOAD ./Drivers/STM32G4xx_HAL_Driver/Src/stm32g4xx_hal_tim.o
LOAD ./Drivers/STM32G4xx_HAL_Driver/Src/stm32g4xx_hal_tim_ex.o
LOAD ./Drivers/STM32G4xx_HAL_Driver/Src/stm32g4xx_ll_adc.o
LOAD ./Drivers/STM32G4xx_HAL_Driver/Src/stm32g4xx_ll_usb.o
LOAD ./Middlewares/ST/STM32_USB_Device_Library/Class/DFU/Src/usbd_dfu.o
LOAD ./Middlewares/ST/STM32_USB_Device_Library/Core/Src/usbd_core.o
LOAD ./Middlewares/ST/STM32_USB_Device_Library/Core/Src/usbd_ctlreq.o
LOAD ./Middlewares/ST/STM32_USB_Device_Library/Core/Src/usbd_ioreq.o
LOAD ./Middlewares/Third_Party/FreeRTOS/Source/CMSIS_RTOS_V2/cmsis_os2.o
LOAD ./Middlewares/Third_Party/FreeRTOS/Source/croutine.o
LOAD ./Middlewares/Third_Party/FreeRTOS/Source/event_groups.o
LOAD ./Middlewares/Third_Party/FreeRTOS/Source/list.o
LOAD ./Middlewares/Third_Party/FreeRTOS/Source/queue.o
LOAD ./Middlewares/Third_Party/FreeRTOS/Source/stream_buffer.o
LOAD ./Middlewares/Third_Party/FreeRTOS/Source/tasks.o
LOAD ./Middlewares/Third_Party/FreeRTOS/Source/timers.o
LOAD ./Middlewares/Third_Party/FreeRTOS/Source/portable/GCC/ARM_CM4F/port.o
LOAD ./Middlewares/Third_Party/FreeRTOS/Source/portable/MemMang/heap_4.o
LOAD ./USB_Device/App/usb_device.o
LOAD ./USB_Device/App/usbd_desc.o
LOAD ./USB_Device/App/usbd_dfu_flash.o
LOAD ./USB_Device/Target/usbd_conf.o
START GROUP
LOAD /Applications/STM32CubeIDE.app/Contents/Eclipse/plugins/com.st.stm32cube.ide.mcu.externaltools.gnu-tools-for-stm32.10.3-2021.10.macos64_1.0.0.202111181127/tools/bin/../lib/gcc/arm-none-eabi/10.3.1/../../../../arm-none-eabi/lib/thumb/v7e-m+fp/hard/libc_nano.a
LOAD /Applications/STM32CubeIDE.app/Contents/Eclipse/plugins/com.st.stm32cube.ide.mcu.externaltools.gnu-tools-for-stm32.10.3-2021.10.macos64_1.0.0.202111181127/tools/bin/../lib/gcc/arm-none-eabi/10.3.1/../../../../arm-none-eabi/lib/thumb/v7e-m+fp/hard/libm.a
END GROUP
START GROUP
LOAD /Applications/STM32CubeIDE.app/Contents/Eclipse/plugins/com.st.stm32cube.ide.mcu.externaltools.gnu-tools-for-stm32.10.3-2021.10.macos64_1.0.0.202111181127/tools/bin/../lib/gcc/arm-none-eabi/10.3.1/thumb/v7e-m+fp/hard/libgcc.a
LOAD /Applications/STM32CubeIDE.app/Contents/Eclipse/plugins/com.st.stm32cube.ide.mcu.externaltools.gnu-tools-for-stm32.10.3-2021.10.macos64_1.0.0.202111181127/tools/bin/../lib/gcc/arm-none-eabi/10.3.1/../../../../arm-none-eabi/lib/thumb/v7e-m+fp/hard/libc_nano.a
END GROUP
START GROUP
LOAD /Applications/STM32CubeIDE.app/Contents/Eclipse/plugins/com.st.stm32cube.ide.mcu.externaltools.gnu-tools-for-stm32.10.3-2021.10.macos64_1.0.0.202111181127/tools/bin/../lib/gcc/arm-none-eabi/10.3.1/thumb/v7e-m+fp/hard/libgcc.a
LOAD /Applications/STM32CubeIDE.app/Contents/Eclipse/plugins/com.st.stm32cube.ide.mcu.externaltools.gnu-tools-for-stm32.10.3-2021.10.macos64_1.0.0.202111181127/tools/bin/../lib/gcc/arm-none-eabi/10.3.1/../../../../arm-none-eabi/lib/thumb/v7e-m+fp/hard/libc_nano.a
LOAD /Applications/STM32CubeIDE.app/Contents/Eclipse/plugins/com.st.stm32cube.ide.mcu.externaltools.gnu-tools-for-stm32.10.3-2021.10.macos64_1.0.0.202111181127/tools/bin/../lib/gcc/arm-none-eabi/10.3.1/../../../../arm-none-eabi/lib/thumb/v7e-m+fp/hard/libnosys.a
END GROUP
START GROUP
LOAD /Applications/STM32CubeIDE.app/Contents/Eclipse/plugins/com.st.stm32cube.ide.mcu.externaltools.gnu-tools-for-stm32.10.3-2021.10.macos64_1.0.0.202111181127/tools/bin/../lib/gcc/arm-none-eabi/10.3.1/thumb/v7e-m+fp/hard/libgcc.a
LOAD /Applications/STM32CubeIDE.app/Contents/Eclipse/plugins/com.st.stm32cube.ide.mcu.externaltools.gnu-tools-for-stm32.10.3-2021.10.macos64_1.0.0.202111181127/tools/bin/../lib/gcc/arm-none-eabi/10.3.1/../../../../arm-none-eabi/lib/thumb/v7e-m+fp/hard/libc_nano.a
LOAD /Applications/STM32CubeIDE.app/Contents/Eclipse/plugins/com.st.stm32cube.ide.mcu.externaltools.gnu-tools-for-stm32.10.3-2021.10.macos64_1.0.0.202111181127/tools/bin/../lib/gcc/arm-none-eabi/10.3.1/../../../../arm-none-eabi/lib/thumb/v7e-m+fp/hard/libnosys.a
END GROUP
LOAD /Applications/STM32CubeIDE.app/Contents/Eclipse/plugins/com.st.stm32cube.ide.mcu.externaltools.gnu-tools-for-stm32.10.3-2021.10.macos64_1.0.0.202111181127/tools/bin/../lib/gcc/arm-none-eabi/10.3.1/thumb/v7e-m+fp/hard/crtend.o
LOAD /Applications/STM32CubeIDE.app/Contents/Eclipse/plugins/com.st.stm32cube.ide.mcu.externaltools.gnu-tools-for-stm32.10.3-2021.10.macos64_1.0.0.202111181127/tools/bin/../lib/gcc/arm-none-eabi/10.3.1/thumb/v7e-m+fp/hard/crtn.o
                0x000000002001c000                _estack = (ORIGIN (RAM) + LENGTH (RAM))
                0x0000000000000200                _Min_Heap_Size = 0x200
                0x0000000000000400                _Min_Stack_Size = 0x400

.isr_vector     0x0000000008000000      0x1d8
                0x0000000008000000                . = ALIGN (0x4)
 *(.isr_vector)
 .isr_vector    0x0000000008000000      0x1d8 ./Core/Startup/startup_stm32g491ceux.o
                0x0000000008000000                g_pfnVectors
                0x00000000080001d8                . = ALIGN (0x4)

.text           0x00000000080001e0     0xcfa4
                0x00000000080001e0                . = ALIGN (0x4)
 *(.text)
 .text          0x00000000080001e0       0x40 /Applications/STM32CubeIDE.app/Contents/Eclipse/plugins/com.st.stm32cube.ide.mcu.externaltools.gnu-tools-for-stm32.10.3-2021.10.macos64_1.0.0.202111181127/tools/bin/../lib/gcc/arm-none-eabi/10.3.1/thumb/v7e-m+fp/hard/crtbegin.o
 *(.text*)
 .text.main     0x0000000008000220       0x70 ./Core/Src/main.o
                0x0000000008000220                main
 .text.SystemClock_Config
                0x0000000008000290       0xf0 ./Core/Src/main.o
                0x0000000008000290                SystemClock_Config
 .text.MX_ADC1_Init
                0x0000000008000380       0xf4 ./Core/Src/main.o
 .text.MX_ADC2_Init
                0x0000000008000474       0xd0 ./Core/Src/main.o
 .text.MX_ADC3_Init
                0x0000000008000544       0xcc ./Core/Src/main.o
 .text.MX_CORDIC_Init
                0x0000000008000610       0x28 ./Core/Src/main.o
 .text.MX_FMAC_Init
                0x0000000008000638       0x28 ./Core/Src/main.o
 .text.MX_SPI3_Init
                0x0000000008000660       0x7c ./Core/Src/main.o
 .text.MX_GPIO_Init
                0x00000000080006dc      0x1ac ./Core/Src/main.o
 .text.BlinkTask1Function
                0x0000000008000888       0x2e ./Core/Src/main.o
                0x0000000008000888                BlinkTask1Function
 .text.BlinkTask2Function
                0x00000000080008b6       0x2e ./Core/Src/main.o
                0x00000000080008b6                BlinkTask2Function
 .text.HAL_TIM_PeriodElapsedCallback
                0x00000000080008e4       0x24 ./Core/Src/main.o
                0x00000000080008e4                HAL_TIM_PeriodElapsedCallback
 .text.Error_Handler
                0x0000000008000908        0xa ./Core/Src/main.o
                0x0000000008000908                Error_Handler
 *fill*         0x0000000008000912        0x2 
 .text.HAL_MspInit
                0x0000000008000914       0x54 ./Core/Src/stm32g4xx_hal_msp.o
                0x0000000008000914                HAL_MspInit
 .text.HAL_ADC_MspInit
                0x0000000008000968      0x1f8 ./Core/Src/stm32g4xx_hal_msp.o
                0x0000000008000968                HAL_ADC_MspInit
 .text.HAL_CORDIC_MspInit
                0x0000000008000b60       0x40 ./Core/Src/stm32g4xx_hal_msp.o
                0x0000000008000b60                HAL_CORDIC_MspInit
 .text.HAL_FMAC_MspInit
                0x0000000008000ba0       0x40 ./Core/Src/stm32g4xx_hal_msp.o
                0x0000000008000ba0                HAL_FMAC_MspInit
 .text.HAL_SPI_MspInit
                0x0000000008000be0       0xc4 ./Core/Src/stm32g4xx_hal_msp.o
                0x0000000008000be0                HAL_SPI_MspInit
 .text.HAL_InitTick
                0x0000000008000ca4       0xe0 ./Core/Src/stm32g4xx_hal_timebase_tim.o
                0x0000000008000ca4                HAL_InitTick
 .text.NMI_Handler
                0x0000000008000d84        0x6 ./Core/Src/stm32g4xx_it.o
                0x0000000008000d84                NMI_Handler
 .text.HardFault_Handler
                0x0000000008000d8a        0x6 ./Core/Src/stm32g4xx_it.o
                0x0000000008000d8a                HardFault_Handler
 .text.MemManage_Handler
                0x0000000008000d90        0x6 ./Core/Src/stm32g4xx_it.o
                0x0000000008000d90                MemManage_Handler
 .text.BusFault_Handler
                0x0000000008000d96        0x6 ./Core/Src/stm32g4xx_it.o
                0x0000000008000d96                BusFault_Handler
 .text.UsageFault_Handler
                0x0000000008000d9c        0x6 ./Core/Src/stm32g4xx_it.o
                0x0000000008000d9c                UsageFault_Handler
 .text.DebugMon_Handler
                0x0000000008000da2        0xe ./Core/Src/stm32g4xx_it.o
                0x0000000008000da2                DebugMon_Handler
 .text.USB_LP_IRQHandler
                0x0000000008000db0       0x14 ./Core/Src/stm32g4xx_it.o
                0x0000000008000db0                USB_LP_IRQHandler
 .text.TIM6_DAC_IRQHandler
                0x0000000008000dc4       0x14 ./Core/Src/stm32g4xx_it.o
                0x0000000008000dc4                TIM6_DAC_IRQHandler
 .text.SystemInit
                0x0000000008000dd8       0x24 ./Core/Src/system_stm32g4xx.o
                0x0000000008000dd8                SystemInit
 .text.Reset_Handler
                0x0000000008000dfc       0x50 ./Core/Startup/startup_stm32g491ceux.o
                0x0000000008000dfc                Reset_Handler
 .text.Default_Handler
                0x0000000008000e4c        0x2 ./Core/Startup/startup_stm32g491ceux.o
                0x0000000008000e4c                TIM1_BRK_TIM15_IRQHandler
                0x0000000008000e4c                EXTI2_IRQHandler
                0x0000000008000e4c                TIM8_TRG_COM_IRQHandler
                0x0000000008000e4c                TIM8_CC_IRQHandler
                0x0000000008000e4c                TIM1_CC_IRQHandler
                0x0000000008000e4c                USB_HP_IRQHandler
                0x0000000008000e4c                CORDIC_IRQHandler
                0x0000000008000e4c                DMA2_Channel8_IRQHandler
                0x0000000008000e4c                EXTI3_IRQHandler
                0x0000000008000e4c                I2C3_ER_IRQHandler
                0x0000000008000e4c                EXTI0_IRQHandler
                0x0000000008000e4c                I2C2_EV_IRQHandler
                0x0000000008000e4c                FPU_IRQHandler
                0x0000000008000e4c                FDCAN1_IT1_IRQHandler
                0x0000000008000e4c                TIM1_UP_TIM16_IRQHandler
                0x0000000008000e4c                ADC1_2_IRQHandler
                0x0000000008000e4c                SPI1_IRQHandler
                0x0000000008000e4c                TIM8_UP_IRQHandler
                0x0000000008000e4c                DMA2_Channel2_IRQHandler
                0x0000000008000e4c                DMA1_Channel4_IRQHandler
                0x0000000008000e4c                TIM20_TRG_COM_IRQHandler
                0x0000000008000e4c                USART3_IRQHandler
                0x0000000008000e4c                DMA1_Channel7_IRQHandler
                0x0000000008000e4c                UART5_IRQHandler
                0x0000000008000e4c                ADC3_IRQHandler
                0x0000000008000e4c                TIM4_IRQHandler
                0x0000000008000e4c                DMA2_Channel1_IRQHandler
                0x0000000008000e4c                QUADSPI_IRQHandler
                0x0000000008000e4c                I2C1_EV_IRQHandler
                0x0000000008000e4c                DMA1_Channel6_IRQHandler
                0x0000000008000e4c                UART4_IRQHandler
                0x0000000008000e4c                DMA2_Channel4_IRQHandler
                0x0000000008000e4c                TIM3_IRQHandler
                0x0000000008000e4c                RCC_IRQHandler
                0x0000000008000e4c                TIM20_UP_IRQHandler
                0x0000000008000e4c                DMA1_Channel1_IRQHandler
                0x0000000008000e4c                Default_Handler
                0x0000000008000e4c                DMA2_Channel7_IRQHandler
                0x0000000008000e4c                RTC_TAMP_LSECSS_IRQHandler
                0x0000000008000e4c                FMAC_IRQHandler
                0x0000000008000e4c                EXTI15_10_IRQHandler
                0x0000000008000e4c                DMA1_Channel8_IRQHandler
                0x0000000008000e4c                TIM7_IRQHandler
                0x0000000008000e4c                UCPD1_IRQHandler
                0x0000000008000e4c                I2C3_EV_IRQHandler
                0x0000000008000e4c                EXTI9_5_IRQHandler
                0x0000000008000e4c                RTC_WKUP_IRQHandler
                0x0000000008000e4c                PVD_PVM_IRQHandler
                0x0000000008000e4c                SPI2_IRQHandler
                0x0000000008000e4c                DMA2_Channel5_IRQHandler
                0x0000000008000e4c                CRS_IRQHandler
                0x0000000008000e4c                DMA1_Channel5_IRQHandler
                0x0000000008000e4c                EXTI4_IRQHandler
                0x0000000008000e4c                RNG_IRQHandler
                0x0000000008000e4c                TIM1_TRG_COM_TIM17_IRQHandler
                0x0000000008000e4c                FDCAN2_IT1_IRQHandler
                0x0000000008000e4c                DMA1_Channel3_IRQHandler
                0x0000000008000e4c                WWDG_IRQHandler
                0x0000000008000e4c                FDCAN2_IT0_IRQHandler
                0x0000000008000e4c                LPUART1_IRQHandler
                0x0000000008000e4c                DMA2_Channel6_IRQHandler
                0x0000000008000e4c                FDCAN1_IT0_IRQHandler
                0x0000000008000e4c                TIM2_IRQHandler
                0x0000000008000e4c                COMP1_2_3_IRQHandler
                0x0000000008000e4c                EXTI1_IRQHandler
                0x0000000008000e4c                USART2_IRQHandler
                0x0000000008000e4c                TIM20_BRK_IRQHandler
                0x0000000008000e4c                I2C2_ER_IRQHandler
                0x0000000008000e4c                DMA1_Channel2_IRQHandler
                0x0000000008000e4c                TIM8_BRK_IRQHandler
                0x0000000008000e4c                FLASH_IRQHandler
                0x0000000008000e4c                TIM20_CC_IRQHandler
                0x0000000008000e4c                USART1_IRQHandler
                0x0000000008000e4c                SPI3_IRQHandler
                0x0000000008000e4c                I2C1_ER_IRQHandler
                0x0000000008000e4c                LPTIM1_IRQHandler
                0x0000000008000e4c                DMAMUX_OVR_IRQHandler
                0x0000000008000e4c                USBWakeUp_IRQHandler
                0x0000000008000e4c                SAI1_IRQHandler
                0x0000000008000e4c                DMA2_Channel3_IRQHandler
                0x0000000008000e4c                COMP4_IRQHandler
                0x0000000008000e4c                RTC_Alarm_IRQHandler
 .text.HAL_Init
                0x0000000008000e4e       0x30 ./Drivers/STM32G4xx_HAL_Driver/Src/stm32g4xx_hal.o
                0x0000000008000e4e                HAL_Init
 *fill*         0x0000000008000e7e        0x2 
 .text.HAL_IncTick
                0x0000000008000e80       0x24 ./Drivers/STM32G4xx_HAL_Driver/Src/stm32g4xx_hal.o
                0x0000000008000e80                HAL_IncTick
 .text.HAL_GetTick
                0x0000000008000ea4       0x18 ./Drivers/STM32G4xx_HAL_Driver/Src/stm32g4xx_hal.o
                0x0000000008000ea4                HAL_GetTick
 .text.HAL_Delay
                0x0000000008000ebc       0x44 ./Drivers/STM32G4xx_HAL_Driver/Src/stm32g4xx_hal.o
                0x0000000008000ebc                HAL_Delay
 .text.LL_ADC_SetCommonClock
                0x0000000008000f00       0x26 ./Drivers/STM32G4xx_HAL_Driver/Src/stm32g4xx_hal_adc.o
 .text.LL_ADC_SetCommonPathInternalCh
                0x0000000008000f26       0x26 ./Drivers/STM32G4xx_HAL_Driver/Src/stm32g4xx_hal_adc.o
 .text.LL_ADC_GetCommonPathInternalCh
                0x0000000008000f4c       0x1c ./Drivers/STM32G4xx_HAL_Driver/Src/stm32g4xx_hal_adc.o
 .text.LL_ADC_SetOffset
                0x0000000008000f68       0x48 ./Drivers/STM32G4xx_HAL_Driver/Src/stm32g4xx_hal_adc.o
 .text.LL_ADC_GetOffsetChannel
                0x0000000008000fb0       0x2c ./Drivers/STM32G4xx_HAL_Driver/Src/stm32g4xx_hal_adc.o
 .text.LL_ADC_SetOffsetState
                0x0000000008000fdc       0x36 ./Drivers/STM32G4xx_HAL_Driver/Src/stm32g4xx_hal_adc.o
 .text.LL_ADC_SetOffsetSign
                0x0000000008001012       0x36 ./Drivers/STM32G4xx_HAL_Driver/Src/stm32g4xx_hal_adc.o
 .text.LL_ADC_SetOffsetSaturation
                0x0000000008001048       0x36 ./Drivers/STM32G4xx_HAL_Driver/Src/stm32g4xx_hal_adc.o
 .text.LL_ADC_SetSamplingTimeCommonConfig
                0x000000000800107e       0x26 ./Drivers/STM32G4xx_HAL_Driver/Src/stm32g4xx_hal_adc.o
 .text.LL_ADC_REG_SetSequencerRanks
                0x00000000080010a4       0x58 ./Drivers/STM32G4xx_HAL_Driver/Src/stm32g4xx_hal_adc.o
 .text.LL_ADC_SetChannelSamplingTime
                0x00000000080010fc       0x56 ./Drivers/STM32G4xx_HAL_Driver/Src/stm32g4xx_hal_adc.o
 *fill*         0x0000000008001152        0x2 
 .text.LL_ADC_SetChannelSingleDiff
                0x0000000008001154       0x50 ./Drivers/STM32G4xx_HAL_Driver/Src/stm32g4xx_hal_adc.o
 .text.LL_ADC_DisableDeepPowerDown
                0x00000000080011a4       0x24 ./Drivers/STM32G4xx_HAL_Driver/Src/stm32g4xx_hal_adc.o
 .text.LL_ADC_IsDeepPowerDownEnabled
                0x00000000080011c8       0x28 ./Drivers/STM32G4xx_HAL_Driver/Src/stm32g4xx_hal_adc.o
 .text.LL_ADC_EnableInternalRegulator
                0x00000000080011f0       0x28 ./Drivers/STM32G4xx_HAL_Driver/Src/stm32g4xx_hal_adc.o
 .text.LL_ADC_IsInternalRegulatorEnabled
                0x0000000008001218       0x28 ./Drivers/STM32G4xx_HAL_Driver/Src/stm32g4xx_hal_adc.o
 .text.LL_ADC_IsEnabled
                0x0000000008001240       0x26 ./Drivers/STM32G4xx_HAL_Driver/Src/stm32g4xx_hal_adc.o
 .text.LL_ADC_REG_IsConversionOngoing
                0x0000000008001266       0x26 ./Drivers/STM32G4xx_HAL_Driver/Src/stm32g4xx_hal_adc.o
 .text.LL_ADC_INJ_IsConversionOngoing
                0x000000000800128c       0x26 ./Drivers/STM32G4xx_HAL_Driver/Src/stm32g4xx_hal_adc.o
 *fill*         0x00000000080012b2        0x2 
 .text.HAL_ADC_Init
                0x00000000080012b4      0x368 ./Drivers/STM32G4xx_HAL_Driver/Src/stm32g4xx_hal_adc.o
                0x00000000080012b4                HAL_ADC_Init
 .text.HAL_ADC_ConfigChannel
                0x000000000800161c      0x858 ./Drivers/STM32G4xx_HAL_Driver/Src/stm32g4xx_hal_adc.o
                0x000000000800161c                HAL_ADC_ConfigChannel
 .text.LL_ADC_IsEnabled
                0x0000000008001e74       0x26 ./Drivers/STM32G4xx_HAL_Driver/Src/stm32g4xx_hal_adc_ex.o
 .text.LL_ADC_REG_IsConversionOngoing
                0x0000000008001e9a       0x26 ./Drivers/STM32G4xx_HAL_Driver/Src/stm32g4xx_hal_adc_ex.o
 .text.HAL_ADCEx_MultiModeConfigChannel
                0x0000000008001ec0      0x1d0 ./Drivers/STM32G4xx_HAL_Driver/Src/stm32g4xx_hal_adc_ex.o
                0x0000000008001ec0                HAL_ADCEx_MultiModeConfigChannel
 .text.HAL_CORDIC_Init
                0x0000000008002090       0x62 ./Drivers/STM32G4xx_HAL_Driver/Src/stm32g4xx_hal_cordic.o
                0x0000000008002090                HAL_CORDIC_Init
 *fill*         0x00000000080020f2        0x2 
 .text.__NVIC_SetPriorityGrouping
                0x00000000080020f4       0x48 ./Drivers/STM32G4xx_HAL_Driver/Src/stm32g4xx_hal_cortex.o
 .text.__NVIC_GetPriorityGrouping
                0x000000000800213c       0x1c ./Drivers/STM32G4xx_HAL_Driver/Src/stm32g4xx_hal_cortex.o
 .text.__NVIC_EnableIRQ
                0x0000000008002158       0x3c ./Drivers/STM32G4xx_HAL_Driver/Src/stm32g4xx_hal_cortex.o
 .text.__NVIC_SetPriority
                0x0000000008002194       0x54 ./Drivers/STM32G4xx_HAL_Driver/Src/stm32g4xx_hal_cortex.o
 .text.NVIC_EncodePriority
                0x00000000080021e8       0x66 ./Drivers/STM32G4xx_HAL_Driver/Src/stm32g4xx_hal_cortex.o
 .text.HAL_NVIC_SetPriorityGrouping
                0x000000000800224e       0x16 ./Drivers/STM32G4xx_HAL_Driver/Src/stm32g4xx_hal_cortex.o
                0x000000000800224e                HAL_NVIC_SetPriorityGrouping
 .text.HAL_NVIC_SetPriority
                0x0000000008002264       0x34 ./Drivers/STM32G4xx_HAL_Driver/Src/stm32g4xx_hal_cortex.o
                0x0000000008002264                HAL_NVIC_SetPriority
 .text.HAL_NVIC_EnableIRQ
                0x0000000008002298       0x1c ./Drivers/STM32G4xx_HAL_Driver/Src/stm32g4xx_hal_cortex.o
                0x0000000008002298                HAL_NVIC_EnableIRQ
 .text.HAL_FMAC_Init
                0x00000000080022b4       0x82 ./Drivers/STM32G4xx_HAL_Driver/Src/stm32g4xx_hal_fmac.o
                0x00000000080022b4                HAL_FMAC_Init
 .text.FMAC_Reset
                0x0000000008002336       0x5e ./Drivers/STM32G4xx_HAL_Driver/Src/stm32g4xx_hal_fmac.o
 .text.FMAC_ResetDataPointers
                0x0000000008002394       0x1c ./Drivers/STM32G4xx_HAL_Driver/Src/stm32g4xx_hal_fmac.o
 .text.FMAC_ResetInputStateAndDataPointers
                0x00000000080023b0       0x2e ./Drivers/STM32G4xx_HAL_Driver/Src/stm32g4xx_hal_fmac.o
 .text.FMAC_ResetOutputStateAndDataPointers
                0x00000000080023de       0x2e ./Drivers/STM32G4xx_HAL_Driver/Src/stm32g4xx_hal_fmac.o
 .text.HAL_GPIO_Init
                0x000000000800240c      0x304 ./Drivers/STM32G4xx_HAL_Driver/Src/stm32g4xx_hal_gpio.o
                0x000000000800240c                HAL_GPIO_Init
 .text.HAL_GPIO_WritePin
                0x0000000008002710       0x30 ./Drivers/STM32G4xx_HAL_Driver/Src/stm32g4xx_hal_gpio.o
                0x0000000008002710                HAL_GPIO_WritePin
 .text.HAL_PCD_Init
                0x0000000008002740      0x1ca ./Drivers/STM32G4xx_HAL_Driver/Src/stm32g4xx_hal_pcd.o
                0x0000000008002740                HAL_PCD_Init
 .text.HAL_PCD_Start
                0x000000000800290a       0x44 ./Drivers/STM32G4xx_HAL_Driver/Src/stm32g4xx_hal_pcd.o
                0x000000000800290a                HAL_PCD_Start
 .text.HAL_PCD_Stop
                0x000000000800294e       0x44 ./Drivers/STM32G4xx_HAL_Driver/Src/stm32g4xx_hal_pcd.o
                0x000000000800294e                HAL_PCD_Stop
 .text.HAL_PCD_IRQHandler
                0x0000000008002992      0x24e ./Drivers/STM32G4xx_HAL_Driver/Src/stm32g4xx_hal_pcd.o
                0x0000000008002992                HAL_PCD_IRQHandler
 .text.HAL_PCD_SetAddress
                0x0000000008002be0       0x4a ./Drivers/STM32G4xx_HAL_Driver/Src/stm32g4xx_hal_pcd.o
                0x0000000008002be0                HAL_PCD_SetAddress
 .text.HAL_PCD_EP_Open
                0x0000000008002c2a       0xcc ./Drivers/STM32G4xx_HAL_Driver/Src/stm32g4xx_hal_pcd.o
                0x0000000008002c2a                HAL_PCD_EP_Open
 .text.HAL_PCD_EP_Receive
                0x0000000008002cf6       0x7a ./Drivers/STM32G4xx_HAL_Driver/Src/stm32g4xx_hal_pcd.o
                0x0000000008002cf6                HAL_PCD_EP_Receive
 .text.HAL_PCD_EP_Transmit
                0x0000000008002d70       0x86 ./Drivers/STM32G4xx_HAL_Driver/Src/stm32g4xx_hal_pcd.o
                0x0000000008002d70                HAL_PCD_EP_Transmit
 .text.HAL_PCD_EP_SetStall
                0x0000000008002df6       0xa4 ./Drivers/STM32G4xx_HAL_Driver/Src/stm32g4xx_hal_pcd.o
                0x0000000008002df6                HAL_PCD_EP_SetStall
 .text.HAL_PCD_EP_ClrStall
                0x0000000008002e9a       0xa8 ./Drivers/STM32G4xx_HAL_Driver/Src/stm32g4xx_hal_pcd.o
                0x0000000008002e9a                HAL_PCD_EP_ClrStall
 .text.PCD_EP_ISR_Handler
                0x0000000008002f42      0x760 ./Drivers/STM32G4xx_HAL_Driver/Src/stm32g4xx_hal_pcd.o
 .text.HAL_PCD_EP_DB_Receive
                0x00000000080036a2      0x212 ./Drivers/STM32G4xx_HAL_Driver/Src/stm32g4xx_hal_pcd.o
 .text.HAL_PCD_EP_DB_Transmit
                0x00000000080038b4      0x79c ./Drivers/STM32G4xx_HAL_Driver/Src/stm32g4xx_hal_pcd.o
 .text.HAL_PCDEx_PMAConfig
                0x0000000008004050       0x86 ./Drivers/STM32G4xx_HAL_Driver/Src/stm32g4xx_hal_pcd_ex.o
                0x0000000008004050                HAL_PCDEx_PMAConfig
 .text.HAL_PCDEx_ActivateLPM
                0x00000000080040d6       0x54 ./Drivers/STM32G4xx_HAL_Driver/Src/stm32g4xx_hal_pcd_ex.o
                0x00000000080040d6                HAL_PCDEx_ActivateLPM
 *fill*         0x000000000800412a        0x2 
 .text.HAL_PWREx_ControlVoltageScaling
                0x000000000800412c      0x148 ./Drivers/STM32G4xx_HAL_Driver/Src/stm32g4xx_hal_pwr_ex.o
                0x000000000800412c                HAL_PWREx_ControlVoltageScaling
 .text.HAL_PWREx_DisableUCPDDeadBattery
                0x0000000008004274       0x20 ./Drivers/STM32G4xx_HAL_Driver/Src/stm32g4xx_hal_pwr_ex.o
                0x0000000008004274                HAL_PWREx_DisableUCPDDeadBattery
 .text.HAL_RCC_OscConfig
                0x0000000008004294      0x630 ./Drivers/STM32G4xx_HAL_Driver/Src/stm32g4xx_hal_rcc.o
                0x0000000008004294                HAL_RCC_OscConfig
 .text.HAL_RCC_ClockConfig
                0x00000000080048c4      0x278 ./Drivers/STM32G4xx_HAL_Driver/Src/stm32g4xx_hal_rcc.o
                0x00000000080048c4                HAL_RCC_ClockConfig
 .text.HAL_RCC_GetSysClockFreq
                0x0000000008004b3c       0xc4 ./Drivers/STM32G4xx_HAL_Driver/Src/stm32g4xx_hal_rcc.o
                0x0000000008004b3c                HAL_RCC_GetSysClockFreq
 .text.HAL_RCC_GetHCLKFreq
                0x0000000008004c00       0x18 ./Drivers/STM32G4xx_HAL_Driver/Src/stm32g4xx_hal_rcc.o
                0x0000000008004c00                HAL_RCC_GetHCLKFreq
 .text.HAL_RCC_GetPCLK1Freq
                0x0000000008004c18       0x2c ./Drivers/STM32G4xx_HAL_Driver/Src/stm32g4xx_hal_rcc.o
                0x0000000008004c18                HAL_RCC_GetPCLK1Freq
 .text.HAL_RCC_GetClockConfig
                0x0000000008004c44       0x64 ./Drivers/STM32G4xx_HAL_Driver/Src/stm32g4xx_hal_rcc.o
                0x0000000008004c44                HAL_RCC_GetClockConfig
 .text.RCC_GetSysClockFreqFromPLLSource
                0x0000000008004ca8       0x8c ./Drivers/STM32G4xx_HAL_Driver/Src/stm32g4xx_hal_rcc.o
 .text.HAL_RCCEx_PeriphCLKConfig
                0x0000000008004d34      0x478 ./Drivers/STM32G4xx_HAL_Driver/Src/stm32g4xx_hal_rcc_ex.o
                0x0000000008004d34                HAL_RCCEx_PeriphCLKConfig
 .text.HAL_RCCEx_CRSConfig
                0x00000000080051ac       0x84 ./Drivers/STM32G4xx_HAL_Driver/Src/stm32g4xx_hal_rcc_ex.o
                0x00000000080051ac                HAL_RCCEx_CRSConfig
 .text.HAL_SPI_Init
                0x0000000008005230      0x156 ./Drivers/STM32G4xx_HAL_Driver/Src/stm32g4xx_hal_spi.o
                0x0000000008005230                HAL_SPI_Init
 .text.HAL_TIM_Base_Init
                0x0000000008005386       0xae ./Drivers/STM32G4xx_HAL_Driver/Src/stm32g4xx_hal_tim.o
                0x0000000008005386                HAL_TIM_Base_Init
 .text.HAL_TIM_Base_MspInit
                0x0000000008005434       0x14 ./Drivers/STM32G4xx_HAL_Driver/Src/stm32g4xx_hal_tim.o
                0x0000000008005434                HAL_TIM_Base_MspInit
 .text.HAL_TIM_Base_Start_IT
                0x0000000008005448       0xe0 ./Drivers/STM32G4xx_HAL_Driver/Src/stm32g4xx_hal_tim.o
                0x0000000008005448                HAL_TIM_Base_Start_IT
 .text.HAL_TIM_IRQHandler
                0x0000000008005528      0x2fe ./Drivers/STM32G4xx_HAL_Driver/Src/stm32g4xx_hal_tim.o
                0x0000000008005528                HAL_TIM_IRQHandler
 .text.HAL_TIM_OC_DelayElapsedCallback
                0x0000000008005826       0x14 ./Drivers/STM32G4xx_HAL_Driver/Src/stm32g4xx_hal_tim.o
                0x0000000008005826                HAL_TIM_OC_DelayElapsedCallback
 .text.HAL_TIM_IC_CaptureCallback
                0x000000000800583a       0x14 ./Drivers/STM32G4xx_HAL_Driver/Src/stm32g4xx_hal_tim.o
                0x000000000800583a                HAL_TIM_IC_CaptureCallback
 .text.HAL_TIM_PWM_PulseFinishedCallback
                0x000000000800584e       0x14 ./Drivers/STM32G4xx_HAL_Driver/Src/stm32g4xx_hal_tim.o
                0x000000000800584e                HAL_TIM_PWM_PulseFinishedCallback
 .text.HAL_TIM_TriggerCallback
                0x0000000008005862       0x14 ./Drivers/STM32G4xx_HAL_Driver/Src/stm32g4xx_hal_tim.o
                0x0000000008005862                HAL_TIM_TriggerCallback
 *fill*         0x0000000008005876        0x2 
 .text.TIM_Base_SetConfig
                0x0000000008005878      0x13c ./Drivers/STM32G4xx_HAL_Driver/Src/stm32g4xx_hal_tim.o
                0x0000000008005878                TIM_Base_SetConfig
 .text.HAL_TIMEx_CommutCallback
                0x00000000080059b4       0x14 ./Drivers/STM32G4xx_HAL_Driver/Src/stm32g4xx_hal_tim_ex.o
                0x00000000080059b4                HAL_TIMEx_CommutCallback
 .text.HAL_TIMEx_BreakCallback
                0x00000000080059c8       0x14 ./Drivers/STM32G4xx_HAL_Driver/Src/stm32g4xx_hal_tim_ex.o
                0x00000000080059c8                HAL_TIMEx_BreakCallback
 .text.HAL_TIMEx_Break2Callback
                0x00000000080059dc       0x14 ./Drivers/STM32G4xx_HAL_Driver/Src/stm32g4xx_hal_tim_ex.o
                0x00000000080059dc                HAL_TIMEx_Break2Callback
 .text.HAL_TIMEx_EncoderIndexCallback
                0x00000000080059f0       0x14 ./Drivers/STM32G4xx_HAL_Driver/Src/stm32g4xx_hal_tim_ex.o
                0x00000000080059f0                HAL_TIMEx_EncoderIndexCallback
 .text.HAL_TIMEx_DirectionChangeCallback
                0x0000000008005a04       0x14 ./Drivers/STM32G4xx_HAL_Driver/Src/stm32g4xx_hal_tim_ex.o
                0x0000000008005a04                HAL_TIMEx_DirectionChangeCallback
 .text.HAL_TIMEx_IndexErrorCallback
                0x0000000008005a18       0x14 ./Drivers/STM32G4xx_HAL_Driver/Src/stm32g4xx_hal_tim_ex.o
                0x0000000008005a18                HAL_TIMEx_IndexErrorCallback
 .text.HAL_TIMEx_TransitionErrorCallback
                0x0000000008005a2c       0x14 ./Drivers/STM32G4xx_HAL_Driver/Src/stm32g4xx_hal_tim_ex.o
                0x0000000008005a2c                HAL_TIMEx_TransitionErrorCallback
 .text.USB_EnableGlobalInt
                0x0000000008005a40       0x2e ./Drivers/STM32G4xx_HAL_Driver/Src/stm32g4xx_ll_usb.o
                0x0000000008005a40                USB_EnableGlobalInt
 .text.USB_DisableGlobalInt
                0x0000000008005a6e       0x36 ./Drivers/STM32G4xx_HAL_Driver/Src/stm32g4xx_ll_usb.o
                0x0000000008005a6e                USB_DisableGlobalInt
 .text.USB_DevInit
                0x0000000008005aa4       0x42 ./Drivers/STM32G4xx_HAL_Driver/Src/stm32g4xx_ll_usb.o
                0x0000000008005aa4                USB_DevInit
 *fill*         0x0000000008005ae6        0x2 
 .text.USB_ActivateEndpoint
                0x0000000008005ae8      0x728 ./Drivers/STM32G4xx_HAL_Driver/Src/stm32g4xx_ll_usb.o
                0x0000000008005ae8                USB_ActivateEndpoint
 .text.USB_EPStartXfer
                0x0000000008006210     0x166c ./Drivers/STM32G4xx_HAL_Driver/Src/stm32g4xx_ll_usb.o
                0x0000000008006210                USB_EPStartXfer
 .text.USB_EPSetStall
                0x000000000800787c       0xa2 ./Drivers/STM32G4xx_HAL_Driver/Src/stm32g4xx_ll_usb.o
                0x000000000800787c                USB_EPSetStall
 .text.USB_EPClearStall
                0x000000000800791e      0x15c ./Drivers/STM32G4xx_HAL_Driver/Src/stm32g4xx_ll_usb.o
                0x000000000800791e                USB_EPClearStall
 .text.USB_SetDevAddress
                0x0000000008007a7a       0x28 ./Drivers/STM32G4xx_HAL_Driver/Src/stm32g4xx_ll_usb.o
                0x0000000008007a7a                USB_SetDevAddress
 .text.USB_DevConnect
                0x0000000008007aa2       0x2e ./Drivers/STM32G4xx_HAL_Driver/Src/stm32g4xx_ll_usb.o
                0x0000000008007aa2                USB_DevConnect
 .text.USB_DevDisconnect
                0x0000000008007ad0       0x2a ./Drivers/STM32G4xx_HAL_Driver/Src/stm32g4xx_ll_usb.o
                0x0000000008007ad0                USB_DevDisconnect
 .text.USB_ReadInterrupts
                0x0000000008007afa       0x20 ./Drivers/STM32G4xx_HAL_Driver/Src/stm32g4xx_ll_usb.o
                0x0000000008007afa                USB_ReadInterrupts
 .text.USB_WritePMA
                0x0000000008007b1a       0x84 ./Drivers/STM32G4xx_HAL_Driver/Src/stm32g4xx_ll_usb.o
                0x0000000008007b1a                USB_WritePMA
 .text.USB_ReadPMA
                0x0000000008007b9e       0x98 ./Drivers/STM32G4xx_HAL_Driver/Src/stm32g4xx_ll_usb.o
                0x0000000008007b9e                USB_ReadPMA
 *fill*         0x0000000008007c36        0x2 
 .text.__NVIC_SystemReset
                0x0000000008007c38       0x2c ./Middlewares/ST/STM32_USB_Device_Library/Class/DFU/Src/usbd_dfu.o
 .text.USBD_DFU_Init
                0x0000000008007c64       0xb0 ./Middlewares/ST/STM32_USB_Device_Library/Class/DFU/Src/usbd_dfu.o
 .text.USBD_DFU_DeInit
                0x0000000008007d14       0x72 ./Middlewares/ST/STM32_USB_Device_Library/Class/DFU/Src/usbd_dfu.o
 *fill*         0x0000000008007d86        0x2 
 .text.USBD_DFU_Setup
                0x0000000008007d88      0x1e4 ./Middlewares/ST/STM32_USB_Device_Library/Class/DFU/Src/usbd_dfu.o
 .text.USBD_DFU_GetCfgDesc
                0x0000000008007f6c       0x20 ./Middlewares/ST/STM32_USB_Device_Library/Class/DFU/Src/usbd_dfu.o
 .text.USBD_DFU_EP0_RxReady
                0x0000000008007f8c       0x16 ./Middlewares/ST/STM32_USB_Device_Library/Class/DFU/Src/usbd_dfu.o
 .text.USBD_DFU_EP0_TxReady
                0x0000000008007fa2      0x1c8 ./Middlewares/ST/STM32_USB_Device_Library/Class/DFU/Src/usbd_dfu.o
 .text.USBD_DFU_SOF
                0x000000000800816a       0x16 ./Middlewares/ST/STM32_USB_Device_Library/Class/DFU/Src/usbd_dfu.o
 .text.USBD_DFU_GetDeviceQualifierDesc
                0x0000000008008180       0x20 ./Middlewares/ST/STM32_USB_Device_Library/Class/DFU/Src/usbd_dfu.o
 .text.USBD_DFU_GetUsrStringDesc
                0x00000000080081a0       0x3c ./Middlewares/ST/STM32_USB_Device_Library/Class/DFU/Src/usbd_dfu.o
 .text.USBD_DFU_RegisterMedia
                0x00000000080081dc       0x2a ./Middlewares/ST/STM32_USB_Device_Library/Class/DFU/Src/usbd_dfu.o
                0x00000000080081dc                USBD_DFU_RegisterMedia
 *fill*         0x0000000008008206        0x2 
 .text.DFU_Detach
                0x0000000008008208       0xc8 ./Middlewares/ST/STM32_USB_Device_Library/Class/DFU/Src/usbd_dfu.o
 .text.DFU_Download
                0x00000000080082d0       0xd8 ./Middlewares/ST/STM32_USB_Device_Library/Class/DFU/Src/usbd_dfu.o
 .text.DFU_Upload
                0x00000000080083a8      0x1b2 ./Middlewares/ST/STM32_USB_Device_Library/Class/DFU/Src/usbd_dfu.o
 *fill*         0x000000000800855a        0x2 
 .text.DFU_GetStatus
                0x000000000800855c      0x16c ./Middlewares/ST/STM32_USB_Device_Library/Class/DFU/Src/usbd_dfu.o
 .text.DFU_ClearStatus
                0x00000000080086c8       0xa8 ./Middlewares/ST/STM32_USB_Device_Library/Class/DFU/Src/usbd_dfu.o
 .text.DFU_GetState
                0x0000000008008770       0x30 ./Middlewares/ST/STM32_USB_Device_Library/Class/DFU/Src/usbd_dfu.o
 .text.DFU_Abort
                0x00000000080087a0       0xa2 ./Middlewares/ST/STM32_USB_Device_Library/Class/DFU/Src/usbd_dfu.o
 *fill*         0x0000000008008842        0x2 
 .text.DFU_Leave
                0x0000000008008844       0x9c ./Middlewares/ST/STM32_USB_Device_Library/Class/DFU/Src/usbd_dfu.o
 .text.USBD_Init
                0x00000000080088e0       0x60 ./Middlewares/ST/STM32_USB_Device_Library/Core/Src/usbd_core.o
                0x00000000080088e0                USBD_Init
 .text.USBD_RegisterClass
                0x0000000008008940       0x4e ./Middlewares/ST/STM32_USB_Device_Library/Core/Src/usbd_core.o
                0x0000000008008940                USBD_RegisterClass
 .text.USBD_Start
                0x000000000800898e       0x18 ./Middlewares/ST/STM32_USB_Device_Library/Core/Src/usbd_core.o
                0x000000000800898e                USBD_Start
 .text.USBD_Stop
                0x00000000080089a6       0x36 ./Middlewares/ST/STM32_USB_Device_Library/Core/Src/usbd_core.o
                0x00000000080089a6                USBD_Stop
 .text.USBD_RunTestMode
                0x00000000080089dc       0x16 ./Middlewares/ST/STM32_USB_Device_Library/Core/Src/usbd_core.o
                0x00000000080089dc                USBD_RunTestMode
 .text.USBD_SetClassConfig
                0x00000000080089f2       0x38 ./Middlewares/ST/STM32_USB_Device_Library/Core/Src/usbd_core.o
                0x00000000080089f2                USBD_SetClassConfig
 .text.USBD_ClrClassConfig
                0x0000000008008a2a       0x30 ./Middlewares/ST/STM32_USB_Device_Library/Core/Src/usbd_core.o
                0x0000000008008a2a                USBD_ClrClassConfig
 .text.USBD_LL_SetupStage
                0x0000000008008a5a       0xaa ./Middlewares/ST/STM32_USB_Device_Library/Core/Src/usbd_core.o
                0x0000000008008a5a                USBD_LL_SetupStage
 .text.USBD_LL_DataOutStage
                0x0000000008008b04       0xc6 ./Middlewares/ST/STM32_USB_Device_Library/Core/Src/usbd_core.o
                0x0000000008008b04                USBD_LL_DataOutStage
 .text.USBD_LL_DataInStage
                0x0000000008008bca      0x12c ./Middlewares/ST/STM32_USB_Device_Library/Core/Src/usbd_core.o
                0x0000000008008bca                USBD_LL_DataInStage
 .text.USBD_LL_Reset
                0x0000000008008cf6       0x9c ./Middlewares/ST/STM32_USB_Device_Library/Core/Src/usbd_core.o
                0x0000000008008cf6                USBD_LL_Reset
 .text.USBD_LL_SetSpeed
                0x0000000008008d92       0x20 ./Middlewares/ST/STM32_USB_Device_Library/Core/Src/usbd_core.o
                0x0000000008008d92                USBD_LL_SetSpeed
 .text.USBD_LL_Suspend
                0x0000000008008db2       0x2c ./Middlewares/ST/STM32_USB_Device_Library/Core/Src/usbd_core.o
                0x0000000008008db2                USBD_LL_Suspend
 .text.USBD_LL_Resume
                0x0000000008008dde       0x30 ./Middlewares/ST/STM32_USB_Device_Library/Core/Src/usbd_core.o
                0x0000000008008dde                USBD_LL_Resume
 .text.USBD_LL_SOF
                0x0000000008008e0e       0x44 ./Middlewares/ST/STM32_USB_Device_Library/Core/Src/usbd_core.o
                0x0000000008008e0e                USBD_LL_SOF
 .text.SWAPBYTE
                0x0000000008008e52       0x3c ./Middlewares/ST/STM32_USB_Device_Library/Core/Src/usbd_ctlreq.o
 *fill*         0x0000000008008e8e        0x2 
 .text.USBD_StdDevReq
                0x0000000008008e90       0xdc ./Middlewares/ST/STM32_USB_Device_Library/Core/Src/usbd_ctlreq.o
                0x0000000008008e90                USBD_StdDevReq
 .text.USBD_StdItfReq
                0x0000000008008f6c       0x92 ./Middlewares/ST/STM32_USB_Device_Library/Core/Src/usbd_ctlreq.o
                0x0000000008008f6c                USBD_StdItfReq
 .text.USBD_StdEPReq
                0x0000000008008ffe      0x2c4 ./Middlewares/ST/STM32_USB_Device_Library/Core/Src/usbd_ctlreq.o
                0x0000000008008ffe                USBD_StdEPReq
 *fill*         0x00000000080092c2        0x2 
 .text.USBD_GetDescriptor
                0x00000000080092c4      0x34c ./Middlewares/ST/STM32_USB_Device_Library/Core/Src/usbd_ctlreq.o
 .text.USBD_SetAddress
                0x0000000008009610       0x88 ./Middlewares/ST/STM32_USB_Device_Library/Core/Src/usbd_ctlreq.o
 .text.USBD_SetConfig
                0x0000000008009698      0x14c ./Middlewares/ST/STM32_USB_Device_Library/Core/Src/usbd_ctlreq.o
 .text.USBD_GetConfig
                0x00000000080097e4       0x6c ./Middlewares/ST/STM32_USB_Device_Library/Core/Src/usbd_ctlreq.o
 .text.USBD_GetStatus
                0x0000000008009850       0x68 ./Middlewares/ST/STM32_USB_Device_Library/Core/Src/usbd_ctlreq.o
 .text.USBD_SetFeature
                0x00000000080098b8       0x28 ./Middlewares/ST/STM32_USB_Device_Library/Core/Src/usbd_ctlreq.o
 .text.USBD_ClrFeature
                0x00000000080098e0       0x44 ./Middlewares/ST/STM32_USB_Device_Library/Core/Src/usbd_ctlreq.o
 .text.USBD_ParseSetupRequest
                0x0000000008009924       0x74 ./Middlewares/ST/STM32_USB_Device_Library/Core/Src/usbd_ctlreq.o
                0x0000000008009924                USBD_ParseSetupRequest
 .text.USBD_CtlError
                0x0000000008009998       0x22 ./Middlewares/ST/STM32_USB_Device_Library/Core/Src/usbd_ctlreq.o
                0x0000000008009998                USBD_CtlError
 .text.USBD_GetString
                0x00000000080099ba       0x8c ./Middlewares/ST/STM32_USB_Device_Library/Core/Src/usbd_ctlreq.o
                0x00000000080099ba                USBD_GetString
 .text.USBD_GetLen
                0x0000000008009a46       0x34 ./Middlewares/ST/STM32_USB_Device_Library/Core/Src/usbd_ctlreq.o
 .text.USBD_CtlSendData
                0x0000000008009a7a       0x36 ./Middlewares/ST/STM32_USB_Device_Library/Core/Src/usbd_ioreq.o
                0x0000000008009a7a                USBD_CtlSendData
 .text.USBD_CtlContinueSendData
                0x0000000008009ab0       0x22 ./Middlewares/ST/STM32_USB_Device_Library/Core/Src/usbd_ioreq.o
                0x0000000008009ab0                USBD_CtlContinueSendData
 .text.USBD_CtlPrepareRx
                0x0000000008009ad2       0x3a ./Middlewares/ST/STM32_USB_Device_Library/Core/Src/usbd_ioreq.o
                0x0000000008009ad2                USBD_CtlPrepareRx
 .text.USBD_CtlContinueRx
                0x0000000008009b0c       0x22 ./Middlewares/ST/STM32_USB_Device_Library/Core/Src/usbd_ioreq.o
                0x0000000008009b0c                USBD_CtlContinueRx
 .text.USBD_CtlSendStatus
                0x0000000008009b2e       0x26 ./Middlewares/ST/STM32_USB_Device_Library/Core/Src/usbd_ioreq.o
                0x0000000008009b2e                USBD_CtlSendStatus
 .text.USBD_CtlReceiveStatus
                0x0000000008009b54       0x26 ./Middlewares/ST/STM32_USB_Device_Library/Core/Src/usbd_ioreq.o
                0x0000000008009b54                USBD_CtlReceiveStatus
 *fill*         0x0000000008009b7a        0x2 
 .text.__NVIC_SetPriority
                0x0000000008009b7c       0x54 ./Middlewares/Third_Party/FreeRTOS/Source/CMSIS_RTOS_V2/cmsis_os2.o
 .text.SysTick_Handler
                0x0000000008009bd0       0x20 ./Middlewares/Third_Party/FreeRTOS/Source/CMSIS_RTOS_V2/cmsis_os2.o
                0x0000000008009bd0                SysTick_Handler
 .text.SVC_Setup
                0x0000000008009bf0       0x12 ./Middlewares/Third_Party/FreeRTOS/Source/CMSIS_RTOS_V2/cmsis_os2.o
 *fill*         0x0000000008009c02        0x2 
 .text.osKernelInitialize
                0x0000000008009c04       0x48 ./Middlewares/Third_Party/FreeRTOS/Source/CMSIS_RTOS_V2/cmsis_os2.o
                0x0000000008009c04                osKernelInitialize
 .text.osKernelStart
                0x0000000008009c4c       0x4c ./Middlewares/Third_Party/FreeRTOS/Source/CMSIS_RTOS_V2/cmsis_os2.o
                0x0000000008009c4c                osKernelStart
 .text.osThreadNew
                0x0000000008009c98      0x124 ./Middlewares/Third_Party/FreeRTOS/Source/CMSIS_RTOS_V2/cmsis_os2.o
                0x0000000008009c98                osThreadNew
 .text.vApplicationGetIdleTaskMemory
                0x0000000008009dbc       0x34 ./Middlewares/Third_Party/FreeRTOS/Source/CMSIS_RTOS_V2/cmsis_os2.o
                0x0000000008009dbc                vApplicationGetIdleTaskMemory
 .text.vApplicationGetTimerTaskMemory
                0x0000000008009df0       0x34 ./Middlewares/Third_Party/FreeRTOS/Source/CMSIS_RTOS_V2/cmsis_os2.o
                0x0000000008009df0                vApplicationGetTimerTaskMemory
 .text.vListInitialise
                0x0000000008009e24       0x40 ./Middlewares/Third_Party/FreeRTOS/Source/list.o
                0x0000000008009e24                vListInitialise
 .text.vListInitialiseItem
                0x0000000008009e64       0x1a ./Middlewares/Third_Party/FreeRTOS/Source/list.o
                0x0000000008009e64                vListInitialiseItem
 .text.vListInsertEnd
                0x0000000008009e7e       0x48 ./Middlewares/Third_Party/FreeRTOS/Source/list.o
                0x0000000008009e7e                vListInsertEnd
 .text.vListInsert
                0x0000000008009ec6       0x72 ./Middlewares/Third_Party/FreeRTOS/Source/list.o
                0x0000000008009ec6                vListInsert
 .text.uxListRemove
                0x0000000008009f38       0x54 ./Middlewares/Third_Party/FreeRTOS/Source/list.o
                0x0000000008009f38                uxListRemove
 .text.xQueueGenericReset
                0x0000000008009f8c       0xd0 ./Middlewares/Third_Party/FreeRTOS/Source/queue.o
                0x0000000008009f8c                xQueueGenericReset
 .text.xQueueGenericCreateStatic
                0x000000000800a05c       0xf0 ./Middlewares/Third_Party/FreeRTOS/Source/queue.o
                0x000000000800a05c                xQueueGenericCreateStatic
 .text.prvInitialiseNewQueue
                0x000000000800a14c       0x46 ./Middlewares/Third_Party/FreeRTOS/Source/queue.o
 *fill*         0x000000000800a192        0x2 
 .text.xQueueGenericSend
                0x000000000800a194      0x1fc ./Middlewares/Third_Party/FreeRTOS/Source/queue.o
                0x000000000800a194                xQueueGenericSend
 .text.xQueueGenericSendFromISR
                0x000000000800a390      0x136 ./Middlewares/Third_Party/FreeRTOS/Source/queue.o
                0x000000000800a390                xQueueGenericSendFromISR
 *fill*         0x000000000800a4c6        0x2 
 .text.xQueueReceive
                0x000000000800a4c8      0x1c0 ./Middlewares/Third_Party/FreeRTOS/Source/queue.o
                0x000000000800a4c8                xQueueReceive
 .text.prvCopyDataToQueue
                0x000000000800a688       0xd4 ./Middlewares/Third_Party/FreeRTOS/Source/queue.o
 .text.prvCopyDataFromQueue
                0x000000000800a75c       0x4c ./Middlewares/Third_Party/FreeRTOS/Source/queue.o
 .text.prvUnlockQueue
                0x000000000800a7a8       0xa4 ./Middlewares/Third_Party/FreeRTOS/Source/queue.o
 .text.prvIsQueueEmpty
                0x000000000800a84c       0x2c ./Middlewares/Third_Party/FreeRTOS/Source/queue.o
 .text.prvIsQueueFull
                0x000000000800a878       0x30 ./Middlewares/Third_Party/FreeRTOS/Source/queue.o
 .text.vQueueAddToRegistry
                0x000000000800a8a8       0x54 ./Middlewares/Third_Party/FreeRTOS/Source/queue.o
                0x000000000800a8a8                vQueueAddToRegistry
 .text.vQueueWaitForMessageRestricted
                0x000000000800a8fc       0x68 ./Middlewares/Third_Party/FreeRTOS/Source/queue.o
                0x000000000800a8fc                vQueueWaitForMessageRestricted
 .text.xTaskCreateStatic
                0x000000000800a964       0xba ./Middlewares/Third_Party/FreeRTOS/Source/tasks.o
                0x000000000800a964                xTaskCreateStatic
 .text.xTaskCreate
                0x000000000800aa1e       0x8a ./Middlewares/Third_Party/FreeRTOS/Source/tasks.o
                0x000000000800aa1e                xTaskCreate
 .text.prvInitialiseNewTask
                0x000000000800aaa8      0x14c ./Middlewares/Third_Party/FreeRTOS/Source/tasks.o
 .text.prvAddNewTaskToReadyList
                0x000000000800abf4       0xe0 ./Middlewares/Third_Party/FreeRTOS/Source/tasks.o
 .text.vTaskDelay
                0x000000000800acd4       0x68 ./Middlewares/Third_Party/FreeRTOS/Source/tasks.o
                0x000000000800acd4                vTaskDelay
 .text.vTaskStartScheduler
                0x000000000800ad3c       0xe0 ./Middlewares/Third_Party/FreeRTOS/Source/tasks.o
                0x000000000800ad3c                vTaskStartScheduler
 .text.vTaskSuspendAll
                0x000000000800ae1c       0x1c ./Middlewares/Third_Party/FreeRTOS/Source/tasks.o
                0x000000000800ae1c                vTaskSuspendAll
 .text.xTaskResumeAll
                0x000000000800ae38      0x13c ./Middlewares/Third_Party/FreeRTOS/Source/tasks.o
                0x000000000800ae38                xTaskResumeAll
 .text.xTaskGetTickCount
                0x000000000800af74       0x20 ./Middlewares/Third_Party/FreeRTOS/Source/tasks.o
                0x000000000800af74                xTaskGetTickCount
 .text.xTaskIncrementTick
                0x000000000800af94      0x174 ./Middlewares/Third_Party/FreeRTOS/Source/tasks.o
                0x000000000800af94                xTaskIncrementTick
 .text.vTaskSwitchContext
                0x000000000800b108       0xc8 ./Middlewares/Third_Party/FreeRTOS/Source/tasks.o
                0x000000000800b108                vTaskSwitchContext
 .text.vTaskPlaceOnEventList
                0x000000000800b1d0       0x48 ./Middlewares/Third_Party/FreeRTOS/Source/tasks.o
                0x000000000800b1d0                vTaskPlaceOnEventList
 .text.vTaskPlaceOnEventListRestricted
                0x000000000800b218       0x58 ./Middlewares/Third_Party/FreeRTOS/Source/tasks.o
                0x000000000800b218                vTaskPlaceOnEventListRestricted
 .text.xTaskRemoveFromEventList
                0x000000000800b270       0xc8 ./Middlewares/Third_Party/FreeRTOS/Source/tasks.o
                0x000000000800b270                xTaskRemoveFromEventList
 .text.vTaskInternalSetTimeOutState
                0x000000000800b338       0x2c ./Middlewares/Third_Party/FreeRTOS/Source/tasks.o
                0x000000000800b338                vTaskInternalSetTimeOutState
 .text.xTaskCheckForTimeOut
                0x000000000800b364       0xc4 ./Middlewares/Third_Party/FreeRTOS/Source/tasks.o
                0x000000000800b364                xTaskCheckForTimeOut
 .text.vTaskMissedYield
                0x000000000800b428       0x18 ./Middlewares/Third_Party/FreeRTOS/Source/tasks.o
                0x000000000800b428                vTaskMissedYield
 .text.prvIdleTask
                0x000000000800b440       0x30 ./Middlewares/Third_Party/FreeRTOS/Source/tasks.o
 .text.prvInitialiseTaskLists
                0x000000000800b470       0x80 ./Middlewares/Third_Party/FreeRTOS/Source/tasks.o
 .text.prvCheckTasksWaitingTermination
                0x000000000800b4f0       0x5c ./Middlewares/Third_Party/FreeRTOS/Source/tasks.o
 .text.prvDeleteTCB
                0x000000000800b54c       0x68 ./Middlewares/Third_Party/FreeRTOS/Source/tasks.o
 .text.prvResetNextTaskUnblockTime
                0x000000000800b5b4       0x40 ./Middlewares/Third_Party/FreeRTOS/Source/tasks.o
 .text.xTaskGetSchedulerState
                0x000000000800b5f4       0x3c ./Middlewares/Third_Party/FreeRTOS/Source/tasks.o
                0x000000000800b5f4                xTaskGetSchedulerState
 .text.xTaskPriorityDisinherit
                0x000000000800b630       0xdc ./Middlewares/Third_Party/FreeRTOS/Source/tasks.o
                0x000000000800b630                xTaskPriorityDisinherit
 .text.prvAddCurrentTaskToDelayedList
                0x000000000800b70c       0xa8 ./Middlewares/Third_Party/FreeRTOS/Source/tasks.o
 .text.xTimerCreateTimerTask
                0x000000000800b7b4       0x90 ./Middlewares/Third_Party/FreeRTOS/Source/timers.o
                0x000000000800b7b4                xTimerCreateTimerTask
 .text.xTimerGenericCommand
                0x000000000800b844       0x9c ./Middlewares/Third_Party/FreeRTOS/Source/timers.o
                0x000000000800b844                xTimerGenericCommand
 .text.prvProcessExpiredTimer
                0x000000000800b8e0       0x98 ./Middlewares/Third_Party/FreeRTOS/Source/timers.o
 .text.prvTimerTask
                0x000000000800b978       0x24 ./Middlewares/Third_Party/FreeRTOS/Source/timers.o
 .text.prvProcessTimerOrBlockTask
                0x000000000800b99c       0x9c ./Middlewares/Third_Party/FreeRTOS/Source/timers.o
 .text.prvGetNextExpireTime
                0x000000000800ba38       0x48 ./Middlewares/Third_Party/FreeRTOS/Source/timers.o
 .text.prvSampleTimeNow
                0x000000000800ba80       0x40 ./Middlewares/Third_Party/FreeRTOS/Source/timers.o
 .text.prvInsertTimerInActiveList
                0x000000000800bac0       0x84 ./Middlewares/Third_Party/FreeRTOS/Source/timers.o
 .text.prvProcessReceivedCommands
                0x000000000800bb44      0x1c4 ./Middlewares/Third_Party/FreeRTOS/Source/timers.o
 .text.prvSwitchTimerLists
                0x000000000800bd08       0xc8 ./Middlewares/Third_Party/FreeRTOS/Source/timers.o
 .text.prvCheckForValidListAndQueue
                0x000000000800bdd0       0x80 ./Middlewares/Third_Party/FreeRTOS/Source/timers.o
 .text.pxPortInitialiseStack
                0x000000000800be50       0x68 ./Middlewares/Third_Party/FreeRTOS/Source/portable/GCC/ARM_CM4F/port.o
                0x000000000800be50                pxPortInitialiseStack
 .text.prvTaskExitError
                0x000000000800beb8       0x58 ./Middlewares/Third_Party/FreeRTOS/Source/portable/GCC/ARM_CM4F/port.o
 .text.SVC_Handler
                0x000000000800bf10       0x28 ./Middlewares/Third_Party/FreeRTOS/Source/portable/GCC/ARM_CM4F/port.o
                0x000000000800bf10                SVC_Handler
 .text.prvPortStartFirstTask
                0x000000000800bf38       0x28 ./Middlewares/Third_Party/FreeRTOS/Source/portable/GCC/ARM_CM4F/port.o
 .text.xPortStartScheduler
                0x000000000800bf60      0x144 ./Middlewares/Third_Party/FreeRTOS/Source/portable/GCC/ARM_CM4F/port.o
                0x000000000800bf60                xPortStartScheduler
 .text.vPortEnterCritical
                0x000000000800c0a4       0x60 ./Middlewares/Third_Party/FreeRTOS/Source/portable/GCC/ARM_CM4F/port.o
                0x000000000800c0a4                vPortEnterCritical
 .text.vPortExitCritical
                0x000000000800c104       0x54 ./Middlewares/Third_Party/FreeRTOS/Source/portable/GCC/ARM_CM4F/port.o
                0x000000000800c104                vPortExitCritical
 *fill*         0x000000000800c158        0x8 
 .text.PendSV_Handler
                0x000000000800c160       0x68 ./Middlewares/Third_Party/FreeRTOS/Source/portable/GCC/ARM_CM4F/port.o
                0x000000000800c160                PendSV_Handler
 .text.xPortSysTickHandler
                0x000000000800c1c8       0x44 ./Middlewares/Third_Party/FreeRTOS/Source/portable/GCC/ARM_CM4F/port.o
                0x000000000800c1c8                xPortSysTickHandler
 .text.vPortSetupTimerInterrupt
                0x000000000800c20c       0x48 ./Middlewares/Third_Party/FreeRTOS/Source/portable/GCC/ARM_CM4F/port.o
                0x000000000800c20c                vPortSetupTimerInterrupt
 .text.vPortEnableVFP
                0x000000000800c254       0x14 ./Middlewares/Third_Party/FreeRTOS/Source/portable/GCC/ARM_CM4F/port.o
 .text.vPortValidateInterruptPriority
                0x000000000800c268       0x80 ./Middlewares/Third_Party/FreeRTOS/Source/portable/GCC/ARM_CM4F/port.o
                0x000000000800c268                vPortValidateInterruptPriority
 .text.pvPortMalloc
                0x000000000800c2e8      0x198 ./Middlewares/Third_Party/FreeRTOS/Source/portable/MemMang/heap_4.o
                0x000000000800c2e8                pvPortMalloc
 .text.vPortFree
                0x000000000800c480       0xc4 ./Middlewares/Third_Party/FreeRTOS/Source/portable/MemMang/heap_4.o
                0x000000000800c480                vPortFree
 .text.prvHeapInit
                0x000000000800c544       0xc4 ./Middlewares/Third_Party/FreeRTOS/Source/portable/MemMang/heap_4.o
 .text.prvInsertBlockIntoFreeList
                0x000000000800c608       0xb4 ./Middlewares/Third_Party/FreeRTOS/Source/portable/MemMang/heap_4.o
 .text.MX_USB_Device_Init
                0x000000000800c6bc       0x60 ./USB_Device/App/usb_device.o
                0x000000000800c6bc                MX_USB_Device_Init
 .text.USBD_DFU_DeviceDescriptor
                0x000000000800c71c       0x24 ./USB_Device/App/usbd_desc.o
                0x000000000800c71c                USBD_DFU_DeviceDescriptor
 .text.USBD_DFU_LangIDStrDescriptor
                0x000000000800c740       0x24 ./USB_Device/App/usbd_desc.o
                0x000000000800c740                USBD_DFU_LangIDStrDescriptor
 .text.USBD_DFU_ProductStrDescriptor
                0x000000000800c764       0x3c ./USB_Device/App/usbd_desc.o
                0x000000000800c764                USBD_DFU_ProductStrDescriptor
 .text.USBD_DFU_ManufacturerStrDescriptor
                0x000000000800c7a0       0x28 ./USB_Device/App/usbd_desc.o
                0x000000000800c7a0                USBD_DFU_ManufacturerStrDescriptor
 .text.USBD_DFU_SerialStrDescriptor
                0x000000000800c7c8       0x24 ./USB_Device/App/usbd_desc.o
                0x000000000800c7c8                USBD_DFU_SerialStrDescriptor
 .text.USBD_DFU_ConfigStrDescriptor
                0x000000000800c7ec       0x3c ./USB_Device/App/usbd_desc.o
                0x000000000800c7ec                USBD_DFU_ConfigStrDescriptor
 .text.USBD_DFU_InterfaceStrDescriptor
                0x000000000800c828       0x3c ./USB_Device/App/usbd_desc.o
                0x000000000800c828                USBD_DFU_InterfaceStrDescriptor
 .text.Get_SerialNum
                0x000000000800c864       0x58 ./USB_Device/App/usbd_desc.o
 .text.IntToUnicode
                0x000000000800c8bc       0x7e ./USB_Device/App/usbd_desc.o
 .text.FLASH_If_Init
                0x000000000800c93a       0x10 ./USB_Device/App/usbd_dfu_flash.o
 .text.FLASH_If_DeInit
                0x000000000800c94a       0x10 ./USB_Device/App/usbd_dfu_flash.o
 .text.FLASH_If_Erase
                0x000000000800c95a       0x16 ./USB_Device/App/usbd_dfu_flash.o
 .text.FLASH_If_Write
                0x000000000800c970       0x1a ./USB_Device/App/usbd_dfu_flash.o
 .text.FLASH_If_Read
                0x000000000800c98a       0x1a ./USB_Device/App/usbd_dfu_flash.o
 .text.FLASH_If_GetStatus
                0x000000000800c9a4       0x22 ./USB_Device/App/usbd_dfu_flash.o
 *fill*         0x000000000800c9c6        0x2 
 .text.HAL_PCD_MspInit
                0x000000000800c9c8       0x78 ./USB_Device/Target/usbd_conf.o
                0x000000000800c9c8                HAL_PCD_MspInit
 .text.HAL_PCD_SetupStageCallback
                0x000000000800ca40       0x24 ./USB_Device/Target/usbd_conf.o
                0x000000000800ca40                HAL_PCD_SetupStageCallback
 .text.HAL_PCD_DataOutStageCallback
                0x000000000800ca64       0x36 ./USB_Device/Target/usbd_conf.o
                0x000000000800ca64                HAL_PCD_DataOutStageCallback
 .text.HAL_PCD_DataInStageCallback
                0x000000000800ca9a       0x34 ./USB_Device/Target/usbd_conf.o
                0x000000000800ca9a                HAL_PCD_DataInStageCallback
 .text.HAL_PCD_SOFCallback
                0x000000000800cace       0x1c ./USB_Device/Target/usbd_conf.o
                0x000000000800cace                HAL_PCD_SOFCallback
 .text.HAL_PCD_ResetCallback
                0x000000000800caea       0x3c ./USB_Device/Target/usbd_conf.o
                0x000000000800caea                HAL_PCD_ResetCallback
 *fill*         0x000000000800cb26        0x2 
 .text.HAL_PCD_SuspendCallback
                0x000000000800cb28       0x34 ./USB_Device/Target/usbd_conf.o
                0x000000000800cb28                HAL_PCD_SuspendCallback
 .text.HAL_PCD_ResumeCallback
                0x000000000800cb5c       0x38 ./USB_Device/Target/usbd_conf.o
                0x000000000800cb5c                HAL_PCD_ResumeCallback
 .text.USBD_LL_Init
                0x000000000800cb94       0x8c ./USB_Device/Target/usbd_conf.o
                0x000000000800cb94                USBD_LL_Init
 .text.USBD_LL_Start
                0x000000000800cc20       0x36 ./USB_Device/Target/usbd_conf.o
                0x000000000800cc20                USBD_LL_Start
 .text.USBD_LL_Stop
                0x000000000800cc56       0x36 ./USB_Device/Target/usbd_conf.o
                0x000000000800cc56                USBD_LL_Stop
 .text.USBD_LL_OpenEP
                0x000000000800cc8c       0x4c ./USB_Device/Target/usbd_conf.o
                0x000000000800cc8c                USBD_LL_OpenEP
 .text.USBD_LL_StallEP
                0x000000000800ccd8       0x3e ./USB_Device/Target/usbd_conf.o
                0x000000000800ccd8                USBD_LL_StallEP
 .text.USBD_LL_ClearStallEP
                0x000000000800cd16       0x3e ./USB_Device/Target/usbd_conf.o
                0x000000000800cd16                USBD_LL_ClearStallEP
 .text.USBD_LL_IsStallEP
                0x000000000800cd54       0x5a ./USB_Device/Target/usbd_conf.o
                0x000000000800cd54                USBD_LL_IsStallEP
 .text.USBD_LL_SetUSBAddress
                0x000000000800cdae       0x3e ./USB_Device/Target/usbd_conf.o
                0x000000000800cdae                USBD_LL_SetUSBAddress
 .text.USBD_LL_Transmit
                0x000000000800cdec       0x42 ./USB_Device/Target/usbd_conf.o
                0x000000000800cdec                USBD_LL_Transmit
 .text.USBD_LL_PrepareReceive
                0x000000000800ce2e       0x42 ./USB_Device/Target/usbd_conf.o
                0x000000000800ce2e                USBD_LL_PrepareReceive
 .text.HAL_PCDEx_LPM_Callback
                0x000000000800ce70       0x6c ./USB_Device/Target/usbd_conf.o
                0x000000000800ce70                HAL_PCDEx_LPM_Callback
 .text.USBD_static_malloc
                0x000000000800cedc       0x1c ./USB_Device/Target/usbd_conf.o
                0x000000000800cedc                USBD_static_malloc
 .text.USBD_static_free
                0x000000000800cef8       0x14 ./USB_Device/Target/usbd_conf.o
                0x000000000800cef8                USBD_static_free
 .text.SystemClockConfig_Resume
                0x000000000800cf0c        0xc ./USB_Device/Target/usbd_conf.o
 .text.USBD_Get_USB_Status
                0x000000000800cf18       0x58 ./USB_Device/Target/usbd_conf.o
 .text.__libc_init_array
                0x000000000800cf70       0x48 /Applications/STM32CubeIDE.app/Contents/Eclipse/plugins/com.st.stm32cube.ide.mcu.externaltools.gnu-tools-for-stm32.10.3-2021.10.macos64_1.0.0.202111181127/tools/bin/../lib/gcc/arm-none-eabi/10.3.1/../../../../arm-none-eabi/lib/thumb/v7e-m+fp/hard/libc_nano.a(lib_a-init.o)
                0x000000000800cf70                __libc_init_array
 .text.__retarget_lock_acquire_recursive
                0x000000000800cfb8        0x2 /Applications/STM32CubeIDE.app/Contents/Eclipse/plugins/com.st.stm32cube.ide.mcu.externaltools.gnu-tools-for-stm32.10.3-2021.10.macos64_1.0.0.202111181127/tools/bin/../lib/gcc/arm-none-eabi/10.3.1/../../../../arm-none-eabi/lib/thumb/v7e-m+fp/hard/libc_nano.a(lib_a-lock.o)
                0x000000000800cfb8                __retarget_lock_acquire_recursive
 .text.__retarget_lock_release_recursive
                0x000000000800cfba        0x2 /Applications/STM32CubeIDE.app/Contents/Eclipse/plugins/com.st.stm32cube.ide.mcu.externaltools.gnu-tools-for-stm32.10.3-2021.10.macos64_1.0.0.202111181127/tools/bin/../lib/gcc/arm-none-eabi/10.3.1/../../../../arm-none-eabi/lib/thumb/v7e-m+fp/hard/libc_nano.a(lib_a-lock.o)
                0x000000000800cfba                __retarget_lock_release_recursive
 .text.memcpy   0x000000000800cfbc       0x1c /Applications/STM32CubeIDE.app/Contents/Eclipse/plugins/com.st.stm32cube.ide.mcu.externaltools.gnu-tools-for-stm32.10.3-2021.10.macos64_1.0.0.202111181127/tools/bin/../lib/gcc/arm-none-eabi/10.3.1/../../../../arm-none-eabi/lib/thumb/v7e-m+fp/hard/libc_nano.a(lib_a-memcpy-stub.o)
                0x000000000800cfbc                memcpy
 .text.memset   0x000000000800cfd8       0x10 /Applications/STM32CubeIDE.app/Contents/Eclipse/plugins/com.st.stm32cube.ide.mcu.externaltools.gnu-tools-for-stm32.10.3-2021.10.macos64_1.0.0.202111181127/tools/bin/../lib/gcc/arm-none-eabi/10.3.1/../../../../arm-none-eabi/lib/thumb/v7e-m+fp/hard/libc_nano.a(lib_a-memset.o)
                0x000000000800cfd8                memset
 .text.cleanup_glue
                0x000000000800cfe8       0x1a /Applications/STM32CubeIDE.app/Contents/Eclipse/plugins/com.st.stm32cube.ide.mcu.externaltools.gnu-tools-for-stm32.10.3-2021.10.macos64_1.0.0.202111181127/tools/bin/../lib/gcc/arm-none-eabi/10.3.1/../../../../arm-none-eabi/lib/thumb/v7e-m+fp/hard/libc_nano.a(lib_a-reent.o)
                0x000000000800cfe8                cleanup_glue
 *fill*         0x000000000800d002        0x2 
 .text._reclaim_reent
                0x000000000800d004       0xb8 /Applications/STM32CubeIDE.app/Contents/Eclipse/plugins/com.st.stm32cube.ide.mcu.externaltools.gnu-tools-for-stm32.10.3-2021.10.macos64_1.0.0.202111181127/tools/bin/../lib/gcc/arm-none-eabi/10.3.1/../../../../arm-none-eabi/lib/thumb/v7e-m+fp/hard/libc_nano.a(lib_a-reent.o)
                0x000000000800d004                _reclaim_reent
 .text.__malloc_lock
                0x000000000800d0bc        0xc /Applications/STM32CubeIDE.app/Contents/Eclipse/plugins/com.st.stm32cube.ide.mcu.externaltools.gnu-tools-for-stm32.10.3-2021.10.macos64_1.0.0.202111181127/tools/bin/../lib/gcc/arm-none-eabi/10.3.1/../../../../arm-none-eabi/lib/thumb/v7e-m+fp/hard/libc_nano.a(lib_a-mlock.o)
                0x000000000800d0bc                __malloc_lock
 .text.__malloc_unlock
                0x000000000800d0c8        0xc /Applications/STM32CubeIDE.app/Contents/Eclipse/plugins/com.st.stm32cube.ide.mcu.externaltools.gnu-tools-for-stm32.10.3-2021.10.macos64_1.0.0.202111181127/tools/bin/../lib/gcc/arm-none-eabi/10.3.1/../../../../arm-none-eabi/lib/thumb/v7e-m+fp/hard/libc_nano.a(lib_a-mlock.o)
                0x000000000800d0c8                __malloc_unlock
 .text._free_r  0x000000000800d0d4       0x98 /Applications/STM32CubeIDE.app/Contents/Eclipse/plugins/com.st.stm32cube.ide.mcu.externaltools.gnu-tools-for-stm32.10.3-2021.10.macos64_1.0.0.202111181127/tools/bin/../lib/gcc/arm-none-eabi/10.3.1/../../../../arm-none-eabi/lib/thumb/v7e-m+fp/hard/libc_nano.a(lib_a-nano-freer.o)
                0x000000000800d0d4                _free_r
 *(.glue_7)
 .glue_7        0x000000000800d16c        0x0 linker stubs
 *(.glue_7t)
 .glue_7t       0x000000000800d16c        0x0 linker stubs
 *(.eh_frame)
 .eh_frame      0x000000000800d16c        0x0 /Applications/STM32CubeIDE.app/Contents/Eclipse/plugins/com.st.stm32cube.ide.mcu.externaltools.gnu-tools-for-stm32.10.3-2021.10.macos64_1.0.0.202111181127/tools/bin/../lib/gcc/arm-none-eabi/10.3.1/thumb/v7e-m+fp/hard/crtbegin.o
 *(.init)
 .init          0x000000000800d16c        0x4 /Applications/STM32CubeIDE.app/Contents/Eclipse/plugins/com.st.stm32cube.ide.mcu.externaltools.gnu-tools-for-stm32.10.3-2021.10.macos64_1.0.0.202111181127/tools/bin/../lib/gcc/arm-none-eabi/10.3.1/thumb/v7e-m+fp/hard/crti.o
                0x000000000800d16c                _init
 .init          0x000000000800d170        0x8 /Applications/STM32CubeIDE.app/Contents/Eclipse/plugins/com.st.stm32cube.ide.mcu.externaltools.gnu-tools-for-stm32.10.3-2021.10.macos64_1.0.0.202111181127/tools/bin/../lib/gcc/arm-none-eabi/10.3.1/thumb/v7e-m+fp/hard/crtn.o
 *(.fini)
 .fini          0x000000000800d178        0x4 /Applications/STM32CubeIDE.app/Contents/Eclipse/plugins/com.st.stm32cube.ide.mcu.externaltools.gnu-tools-for-stm32.10.3-2021.10.macos64_1.0.0.202111181127/tools/bin/../lib/gcc/arm-none-eabi/10.3.1/thumb/v7e-m+fp/hard/crti.o
                0x000000000800d178                _fini
 .fini          0x000000000800d17c        0x8 /Applications/STM32CubeIDE.app/Contents/Eclipse/plugins/com.st.stm32cube.ide.mcu.externaltools.gnu-tools-for-stm32.10.3-2021.10.macos64_1.0.0.202111181127/tools/bin/../lib/gcc/arm-none-eabi/10.3.1/thumb/v7e-m+fp/hard/crtn.o
                0x000000000800d184                . = ALIGN (0x4)
                0x000000000800d184                _etext = .

.vfp11_veneer   0x000000000800d184        0x0
 .vfp11_veneer  0x000000000800d184        0x0 linker stubs

.v4_bx          0x000000000800d184        0x0
 .v4_bx         0x000000000800d184        0x0 linker stubs

.iplt           0x000000000800d184        0x0
 .iplt          0x000000000800d184        0x0 /Applications/STM32CubeIDE.app/Contents/Eclipse/plugins/com.st.stm32cube.ide.mcu.externaltools.gnu-tools-for-stm32.10.3-2021.10.macos64_1.0.0.202111181127/tools/bin/../lib/gcc/arm-none-eabi/10.3.1/thumb/v7e-m+fp/hard/crtbegin.o

.rodata         0x000000000800d184      0x1a0
                0x000000000800d184                . = ALIGN (0x4)
 *(.rodata)
 .rodata        0x000000000800d184       0x17 ./Core/Src/main.o
 *fill*         0x000000000800d19b        0x1 
 .rodata        0x000000000800d19c        0x5 ./Middlewares/Third_Party/FreeRTOS/Source/tasks.o
 *fill*         0x000000000800d1a1        0x3 
 .rodata        0x000000000800d1a4        0xd ./Middlewares/Third_Party/FreeRTOS/Source/timers.o
 *fill*         0x000000000800d1b1        0x3 
 .rodata        0x000000000800d1b4       0x4e ./USB_Device/App/usbd_desc.o
 *fill*         0x000000000800d202        0x2 
 .rodata        0x000000000800d204       0x5d ./USB_Device/App/usbd_dfu_flash.o
 *(.rodata*)
 *fill*         0x000000000800d261        0x3 
 .rodata.BlinkTask1_attributes
                0x000000000800d264       0x24 ./Core/Src/main.o
                0x000000000800d264                BlinkTask1_attributes
 .rodata.BlinkTask2_attributes
                0x000000000800d288       0x24 ./Core/Src/main.o
                0x000000000800d288                BlinkTask2_attributes
 .rodata.AHBPrescTable
                0x000000000800d2ac       0x10 ./Core/Src/system_stm32g4xx.o
                0x000000000800d2ac                AHBPrescTable
 .rodata.APBPrescTable
                0x000000000800d2bc        0x8 ./Core/Src/system_stm32g4xx.o
                0x000000000800d2bc                APBPrescTable
 .rodata.__sf_fake_stderr
                0x000000000800d2c4       0x20 /Applications/STM32CubeIDE.app/Contents/Eclipse/plugins/com.st.stm32cube.ide.mcu.externaltools.gnu-tools-for-stm32.10.3-2021.10.macos64_1.0.0.202111181127/tools/bin/../lib/gcc/arm-none-eabi/10.3.1/../../../../arm-none-eabi/lib/thumb/v7e-m+fp/hard/libc_nano.a(lib_a-findfp.o)
                0x000000000800d2c4                __sf_fake_stderr
 .rodata.__sf_fake_stdin
                0x000000000800d2e4       0x20 /Applications/STM32CubeIDE.app/Contents/Eclipse/plugins/com.st.stm32cube.ide.mcu.externaltools.gnu-tools-for-stm32.10.3-2021.10.macos64_1.0.0.202111181127/tools/bin/../lib/gcc/arm-none-eabi/10.3.1/../../../../arm-none-eabi/lib/thumb/v7e-m+fp/hard/libc_nano.a(lib_a-findfp.o)
                0x000000000800d2e4                __sf_fake_stdin
 .rodata.__sf_fake_stdout
                0x000000000800d304       0x20 /Applications/STM32CubeIDE.app/Contents/Eclipse/plugins/com.st.stm32cube.ide.mcu.externaltools.gnu-tools-for-stm32.10.3-2021.10.macos64_1.0.0.202111181127/tools/bin/../lib/gcc/arm-none-eabi/10.3.1/../../../../arm-none-eabi/lib/thumb/v7e-m+fp/hard/libc_nano.a(lib_a-findfp.o)
                0x000000000800d304                __sf_fake_stdout
                0x000000000800d324                . = ALIGN (0x4)

.rel.dyn        0x000000000800d324        0x0
 .rel.iplt      0x000000000800d324        0x0 /Applications/STM32CubeIDE.app/Contents/Eclipse/plugins/com.st.stm32cube.ide.mcu.externaltools.gnu-tools-for-stm32.10.3-2021.10.macos64_1.0.0.202111181127/tools/bin/../lib/gcc/arm-none-eabi/10.3.1/thumb/v7e-m+fp/hard/crtbegin.o

.ARM.extab      0x000000000800d324        0x0
                0x000000000800d324                . = ALIGN (0x4)
 *(.ARM.extab* .gnu.linkonce.armextab.*)
                0x000000000800d324                . = ALIGN (0x4)

.ARM            0x000000000800d324        0x0
                0x000000000800d324                . = ALIGN (0x4)
                0x000000000800d324                __exidx_start = .
 *(.ARM.exidx*)
                0x000000000800d324                __exidx_end = .
                0x000000000800d324                . = ALIGN (0x4)

.preinit_array  0x000000000800d324        0x0
                0x000000000800d324                . = ALIGN (0x4)
                0x000000000800d324                PROVIDE (__preinit_array_start = .)
 *(.preinit_array*)
                0x000000000800d324                PROVIDE (__preinit_array_end = .)
                0x000000000800d324                . = ALIGN (0x4)

.init_array     0x000000000800d324        0x4
                0x000000000800d324                . = ALIGN (0x4)
                0x000000000800d324                PROVIDE (__init_array_start = .)
 *(SORT_BY_NAME(.init_array.*))
 *(.init_array*)
 .init_array    0x000000000800d324        0x4 /Applications/STM32CubeIDE.app/Contents/Eclipse/plugins/com.st.stm32cube.ide.mcu.externaltools.gnu-tools-for-stm32.10.3-2021.10.macos64_1.0.0.202111181127/tools/bin/../lib/gcc/arm-none-eabi/10.3.1/thumb/v7e-m+fp/hard/crtbegin.o
                0x000000000800d328                PROVIDE (__init_array_end = .)
                0x000000000800d328                . = ALIGN (0x4)

.fini_array     0x000000000800d328        0x4
                0x000000000800d328                . = ALIGN (0x4)
                [!provide]                        PROVIDE (__fini_array_start = .)
 *(SORT_BY_NAME(.fini_array.*))
 *(.fini_array*)
 .fini_array    0x000000000800d328        0x4 /Applications/STM32CubeIDE.app/Contents/Eclipse/plugins/com.st.stm32cube.ide.mcu.externaltools.gnu-tools-for-stm32.10.3-2021.10.macos64_1.0.0.202111181127/tools/bin/../lib/gcc/arm-none-eabi/10.3.1/thumb/v7e-m+fp/hard/crtbegin.o
                [!provide]                        PROVIDE (__fini_array_end = .)
                0x000000000800d32c                . = ALIGN (0x4)
                0x000000000800d32c                _sidata = LOADADDR (.data)

.data           0x0000000020000000      0x148 load address 0x000000000800d32c
                0x0000000020000000                . = ALIGN (0x4)
                0x0000000020000000                _sdata = .
 *(.data)
 *(.data*)
 .data.SystemCoreClock
                0x0000000020000000        0x4 ./Core/Src/system_stm32g4xx.o
                0x0000000020000000                SystemCoreClock
 .data.uwTickPrio
                0x0000000020000004        0x4 ./Drivers/STM32G4xx_HAL_Driver/Src/stm32g4xx_hal.o
                0x0000000020000004                uwTickPrio
 .data.uwTickFreq
                0x0000000020000008        0x4 ./Drivers/STM32G4xx_HAL_Driver/Src/stm32g4xx_hal.o
                0x0000000020000008                uwTickFreq
 .data.USBD_DFU
                0x000000002000000c       0x3c ./Middlewares/ST/STM32_USB_Device_Library/Class/DFU/Src/usbd_dfu.o
                0x000000002000000c                USBD_DFU
 .data.USBD_DFU_CfgDesc
                0x0000000020000048       0x1b ./Middlewares/ST/STM32_USB_Device_Library/Class/DFU/Src/usbd_dfu.o
 *fill*         0x0000000020000063        0x1 
 .data.USBD_DFU_DeviceQualifierDesc
                0x0000000020000064        0xa ./Middlewares/ST/STM32_USB_Device_Library/Class/DFU/Src/usbd_dfu.o
 *fill*         0x000000002000006e        0x2 
 .data.uxCriticalNesting
                0x0000000020000070        0x4 ./Middlewares/Third_Party/FreeRTOS/Source/portable/GCC/ARM_CM4F/port.o
 .data.DFU_Desc
                0x0000000020000074       0x20 ./USB_Device/App/usbd_desc.o
                0x0000000020000074                DFU_Desc
 .data.USBD_DFU_DeviceDesc
                0x0000000020000094       0x12 ./USB_Device/App/usbd_desc.o
                0x0000000020000094                USBD_DFU_DeviceDesc
 *fill*         0x00000000200000a6        0x2 
 .data.USBD_LangIDDesc
                0x00000000200000a8        0x4 ./USB_Device/App/usbd_desc.o
                0x00000000200000a8                USBD_LangIDDesc
 .data.USBD_StringSerial
                0x00000000200000ac       0x1a ./USB_Device/App/usbd_desc.o
                0x00000000200000ac                USBD_StringSerial
 *fill*         0x00000000200000c6        0x2 
 .data.USBD_DFU_Flash_fops
                0x00000000200000c8       0x1c ./USB_Device/App/usbd_dfu_flash.o
                0x00000000200000c8                USBD_DFU_Flash_fops
 .data._impure_ptr
                0x00000000200000e4        0x4 /Applications/STM32CubeIDE.app/Contents/Eclipse/plugins/com.st.stm32cube.ide.mcu.externaltools.gnu-tools-for-stm32.10.3-2021.10.macos64_1.0.0.202111181127/tools/bin/../lib/gcc/arm-none-eabi/10.3.1/../../../../arm-none-eabi/lib/thumb/v7e-m+fp/hard/libc_nano.a(lib_a-impure.o)
                0x00000000200000e4                _impure_ptr
 .data.impure_data
                0x00000000200000e8       0x60 /Applications/STM32CubeIDE.app/Contents/Eclipse/plugins/com.st.stm32cube.ide.mcu.externaltools.gnu-tools-for-stm32.10.3-2021.10.macos64_1.0.0.202111181127/tools/bin/../lib/gcc/arm-none-eabi/10.3.1/../../../../arm-none-eabi/lib/thumb/v7e-m+fp/hard/libc_nano.a(lib_a-impure.o)
 *(.RamFunc)
 *(.RamFunc*)
                0x0000000020000148                . = ALIGN (0x4)
                0x0000000020000148                _edata = .

.igot.plt       0x0000000020000148        0x0 load address 0x000000000800d474
 .igot.plt      0x0000000020000148        0x0 /Applications/STM32CubeIDE.app/Contents/Eclipse/plugins/com.st.stm32cube.ide.mcu.externaltools.gnu-tools-for-stm32.10.3-2021.10.macos64_1.0.0.202111181127/tools/bin/../lib/gcc/arm-none-eabi/10.3.1/thumb/v7e-m+fp/hard/crtbegin.o
                0x0000000020000148                . = ALIGN (0x4)

.bss            0x0000000020000148     0x297c load address 0x000000000800d474
                0x0000000020000148                _sbss = .
                0x0000000020000148                __bss_start__ = _sbss
 *(.bss)
 .bss           0x0000000020000148       0x1c /Applications/STM32CubeIDE.app/Contents/Eclipse/plugins/com.st.stm32cube.ide.mcu.externaltools.gnu-tools-for-stm32.10.3-2021.10.macos64_1.0.0.202111181127/tools/bin/../lib/gcc/arm-none-eabi/10.3.1/thumb/v7e-m+fp/hard/crtbegin.o
 *(.bss*)
 .bss.hadc1     0x0000000020000164       0x6c ./Core/Src/main.o
                0x0000000020000164                hadc1
 .bss.hadc2     0x00000000200001d0       0x6c ./Core/Src/main.o
                0x00000000200001d0                hadc2
 .bss.hadc3     0x000000002000023c       0x6c ./Core/Src/main.o
                0x000000002000023c                hadc3
 .bss.hcordic   0x00000000200002a8       0x28 ./Core/Src/main.o
                0x00000000200002a8                hcordic
 .bss.hfmac     0x00000000200002d0       0x38 ./Core/Src/main.o
                0x00000000200002d0                hfmac
 .bss.hspi3     0x0000000020000308       0x64 ./Core/Src/main.o
                0x0000000020000308                hspi3
 .bss.BlinkTask1Handle
                0x000000002000036c        0x4 ./Core/Src/main.o
                0x000000002000036c                BlinkTask1Handle
 .bss.BlinkTask2Handle
                0x0000000020000370        0x4 ./Core/Src/main.o
                0x0000000020000370                BlinkTask2Handle
 .bss.HAL_RCC_ADC12_CLK_ENABLED
                0x0000000020000374        0x4 ./Core/Src/stm32g4xx_hal_msp.o
 .bss.htim6     0x0000000020000378       0x4c ./Core/Src/stm32g4xx_hal_timebase_tim.o
                0x0000000020000378                htim6
 .bss.uwTick    0x00000000200003c4        0x4 ./Drivers/STM32G4xx_HAL_Driver/Src/stm32g4xx_hal.o
                0x00000000200003c4                uwTick
 .bss.USBD_StrDesc.0
                0x00000000200003c8       0xff ./Middlewares/ST/STM32_USB_Device_Library/Class/DFU/Src/usbd_dfu.o
 .bss.cfgidx.0  0x00000000200004c7        0x1 ./Middlewares/ST/STM32_USB_Device_Library/Core/Src/usbd_ctlreq.o
 .bss.KernelState
                0x00000000200004c8        0x4 ./Middlewares/Third_Party/FreeRTOS/Source/CMSIS_RTOS_V2/cmsis_os2.o
 .bss.Idle_TCB.3
                0x00000000200004cc       0xbc ./Middlewares/Third_Party/FreeRTOS/Source/CMSIS_RTOS_V2/cmsis_os2.o
 .bss.Idle_Stack.2
                0x0000000020000588      0x200 ./Middlewares/Third_Party/FreeRTOS/Source/CMSIS_RTOS_V2/cmsis_os2.o
 .bss.Timer_TCB.1
                0x0000000020000788       0xbc ./Middlewares/Third_Party/FreeRTOS/Source/CMSIS_RTOS_V2/cmsis_os2.o
 .bss.Timer_Stack.0
                0x0000000020000844      0x400 ./Middlewares/Third_Party/FreeRTOS/Source/CMSIS_RTOS_V2/cmsis_os2.o
 .bss.xQueueRegistry
                0x0000000020000c44       0x40 ./Middlewares/Third_Party/FreeRTOS/Source/queue.o
                0x0000000020000c44                xQueueRegistry
 .bss.pxCurrentTCB
                0x0000000020000c84        0x4 ./Middlewares/Third_Party/FreeRTOS/Source/tasks.o
                0x0000000020000c84                pxCurrentTCB
 .bss.pxReadyTasksLists
                0x0000000020000c88      0x460 ./Middlewares/Third_Party/FreeRTOS/Source/tasks.o
 .bss.xDelayedTaskList1
                0x00000000200010e8       0x14 ./Middlewares/Third_Party/FreeRTOS/Source/tasks.o
 .bss.xDelayedTaskList2
                0x00000000200010fc       0x14 ./Middlewares/Third_Party/FreeRTOS/Source/tasks.o
 .bss.pxDelayedTaskList
                0x0000000020001110        0x4 ./Middlewares/Third_Party/FreeRTOS/Source/tasks.o
 .bss.pxOverflowDelayedTaskList
                0x0000000020001114        0x4 ./Middlewares/Third_Party/FreeRTOS/Source/tasks.o
 .bss.xPendingReadyList
                0x0000000020001118       0x14 ./Middlewares/Third_Party/FreeRTOS/Source/tasks.o
 .bss.xTasksWaitingTermination
                0x000000002000112c       0x14 ./Middlewares/Third_Party/FreeRTOS/Source/tasks.o
 .bss.uxDeletedTasksWaitingCleanUp
                0x0000000020001140        0x4 ./Middlewares/Third_Party/FreeRTOS/Source/tasks.o
 .bss.xSuspendedTaskList
                0x0000000020001144       0x14 ./Middlewares/Third_Party/FreeRTOS/Source/tasks.o
 .bss.uxCurrentNumberOfTasks
                0x0000000020001158        0x4 ./Middlewares/Third_Party/FreeRTOS/Source/tasks.o
 .bss.xTickCount
                0x000000002000115c        0x4 ./Middlewares/Third_Party/FreeRTOS/Source/tasks.o
 .bss.uxTopReadyPriority
                0x0000000020001160        0x4 ./Middlewares/Third_Party/FreeRTOS/Source/tasks.o
 .bss.xSchedulerRunning
                0x0000000020001164        0x4 ./Middlewares/Third_Party/FreeRTOS/Source/tasks.o
 .bss.xPendedTicks
                0x0000000020001168        0x4 ./Middlewares/Third_Party/FreeRTOS/Source/tasks.o
 .bss.xYieldPending
                0x000000002000116c        0x4 ./Middlewares/Third_Party/FreeRTOS/Source/tasks.o
 .bss.xNumOfOverflows
                0x0000000020001170        0x4 ./Middlewares/Third_Party/FreeRTOS/Source/tasks.o
 .bss.uxTaskNumber
                0x0000000020001174        0x4 ./Middlewares/Third_Party/FreeRTOS/Source/tasks.o
 .bss.xNextTaskUnblockTime
                0x0000000020001178        0x4 ./Middlewares/Third_Party/FreeRTOS/Source/tasks.o
 .bss.xIdleTaskHandle
                0x000000002000117c        0x4 ./Middlewares/Third_Party/FreeRTOS/Source/tasks.o
 .bss.uxSchedulerSuspended
                0x0000000020001180        0x4 ./Middlewares/Third_Party/FreeRTOS/Source/tasks.o
 .bss.xActiveTimerList1
                0x0000000020001184       0x14 ./Middlewares/Third_Party/FreeRTOS/Source/timers.o
 .bss.xActiveTimerList2
                0x0000000020001198       0x14 ./Middlewares/Third_Party/FreeRTOS/Source/timers.o
 .bss.pxCurrentTimerList
                0x00000000200011ac        0x4 ./Middlewares/Third_Party/FreeRTOS/Source/timers.o
 .bss.pxOverflowTimerList
                0x00000000200011b0        0x4 ./Middlewares/Third_Party/FreeRTOS/Source/timers.o
 .bss.xTimerQueue
                0x00000000200011b4        0x4 ./Middlewares/Third_Party/FreeRTOS/Source/timers.o
 .bss.xTimerTaskHandle
                0x00000000200011b8        0x4 ./Middlewares/Third_Party/FreeRTOS/Source/timers.o
 .bss.xLastTime.2
                0x00000000200011bc        0x4 ./Middlewares/Third_Party/FreeRTOS/Source/timers.o
 .bss.ucStaticTimerQueueStorage.1
                0x00000000200011c0       0xa0 ./Middlewares/Third_Party/FreeRTOS/Source/timers.o
 .bss.xStaticTimerQueue.0
                0x0000000020001260       0x50 ./Middlewares/Third_Party/FreeRTOS/Source/timers.o
 .bss.ucMaxSysCallPriority
                0x00000000200012b0        0x1 ./Middlewares/Third_Party/FreeRTOS/Source/portable/GCC/ARM_CM4F/port.o
 *fill*         0x00000000200012b1        0x3 
 .bss.ulMaxPRIGROUPValue
                0x00000000200012b4        0x4 ./Middlewares/Third_Party/FreeRTOS/Source/portable/GCC/ARM_CM4F/port.o
 .bss.ucHeap    0x00000000200012b8      0xc00 ./Middlewares/Third_Party/FreeRTOS/Source/portable/MemMang/heap_4.o
 .bss.xStart    0x0000000020001eb8        0x8 ./Middlewares/Third_Party/FreeRTOS/Source/portable/MemMang/heap_4.o
 .bss.pxEnd     0x0000000020001ec0        0x4 ./Middlewares/Third_Party/FreeRTOS/Source/portable/MemMang/heap_4.o
 .bss.xFreeBytesRemaining
                0x0000000020001ec4        0x4 ./Middlewares/Third_Party/FreeRTOS/Source/portable/MemMang/heap_4.o
 .bss.xMinimumEverFreeBytesRemaining
                0x0000000020001ec8        0x4 ./Middlewares/Third_Party/FreeRTOS/Source/portable/MemMang/heap_4.o
 .bss.xNumberOfSuccessfulAllocations
                0x0000000020001ecc        0x4 ./Middlewares/Third_Party/FreeRTOS/Source/portable/MemMang/heap_4.o
 .bss.xNumberOfSuccessfulFrees
                0x0000000020001ed0        0x4 ./Middlewares/Third_Party/FreeRTOS/Source/portable/MemMang/heap_4.o
 .bss.xBlockAllocatedBit
                0x0000000020001ed4        0x4 ./Middlewares/Third_Party/FreeRTOS/Source/portable/MemMang/heap_4.o
 .bss.hUsbDeviceFS
                0x0000000020001ed8      0x2d0 ./USB_Device/App/usb_device.o
                0x0000000020001ed8                hUsbDeviceFS
 .bss.USBD_StrDesc
                0x00000000200021a8      0x200 ./USB_Device/App/usbd_desc.o
                0x00000000200021a8                USBD_StrDesc
 .bss.hpcd_USB_FS
                0x00000000200023a8      0x2f4 ./USB_Device/Target/usbd_conf.o
                0x00000000200023a8                hpcd_USB_FS
 .bss.mem.0     0x000000002000269c      0x420 ./USB_Device/Target/usbd_conf.o
 .bss.__lock___malloc_recursive_mutex
                0x0000000020002abc        0x1 /Applications/STM32CubeIDE.app/Contents/Eclipse/plugins/com.st.stm32cube.ide.mcu.externaltools.gnu-tools-for-stm32.10.3-2021.10.macos64_1.0.0.202111181127/tools/bin/../lib/gcc/arm-none-eabi/10.3.1/../../../../arm-none-eabi/lib/thumb/v7e-m+fp/hard/libc_nano.a(lib_a-lock.o)
                0x0000000020002abc                __lock___malloc_recursive_mutex
 *fill*         0x0000000020002abd        0x3 
 .bss.__malloc_free_list
                0x0000000020002ac0        0x4 /Applications/STM32CubeIDE.app/Contents/Eclipse/plugins/com.st.stm32cube.ide.mcu.externaltools.gnu-tools-for-stm32.10.3-2021.10.macos64_1.0.0.202111181127/tools/bin/../lib/gcc/arm-none-eabi/10.3.1/../../../../arm-none-eabi/lib/thumb/v7e-m+fp/hard/libc_nano.a(lib_a-nano-mallocr.o)
                0x0000000020002ac0                __malloc_free_list
 *(COMMON)
                0x0000000020002ac4                . = ALIGN (0x4)
                0x0000000020002ac4                _ebss = .
                0x0000000020002ac4                __bss_end__ = _ebss

._user_heap_stack
                0x0000000020002ac4      0x604 load address 0x000000000800d474
                0x0000000020002ac8                . = ALIGN (0x8)
 *fill*         0x0000000020002ac4        0x4 
                [!provide]                        PROVIDE (end = .)
                0x0000000020002ac8                PROVIDE (_end = .)
                0x0000000020002cc8                . = (. + _Min_Heap_Size)
 *fill*         0x0000000020002ac8      0x200 
                0x00000000200030c8                . = (. + _Min_Stack_Size)
 *fill*         0x0000000020002cc8      0x400 
                0x00000000200030c8                . = ALIGN (0x8)

/DISCARD/
 libc.a(*)
 libm.a(*)
 libgcc.a(*)

.ARM.attributes
                0x0000000000000000       0x30
 *(.ARM.attributes)
 .ARM.attributes
                0x0000000000000000       0x1e /Applications/STM32CubeIDE.app/Contents/Eclipse/plugins/com.st.stm32cube.ide.mcu.externaltools.gnu-tools-for-stm32.10.3-2021.10.macos64_1.0.0.202111181127/tools/bin/../lib/gcc/arm-none-eabi/10.3.1/thumb/v7e-m+fp/hard/crti.o
 .ARM.attributes
                0x000000000000001e       0x34 /Applications/STM32CubeIDE.app/Contents/Eclipse/plugins/com.st.stm32cube.ide.mcu.externaltools.gnu-tools-for-stm32.10.3-2021.10.macos64_1.0.0.202111181127/tools/bin/../lib/gcc/arm-none-eabi/10.3.1/thumb/v7e-m+fp/hard/crtbegin.o
 .ARM.attributes
                0x0000000000000052       0x34 ./Core/Src/main.o
 .ARM.attributes
                0x0000000000000086       0x34 ./Core/Src/stm32g4xx_hal_msp.o
 .ARM.attributes
                0x00000000000000ba       0x34 ./Core/Src/stm32g4xx_hal_timebase_tim.o
 .ARM.attributes
                0x00000000000000ee       0x34 ./Core/Src/stm32g4xx_it.o
 .ARM.attributes
                0x0000000000000122       0x34 ./Core/Src/system_stm32g4xx.o
 .ARM.attributes
                0x0000000000000156       0x21 ./Core/Startup/startup_stm32g491ceux.o
 .ARM.attributes
                0x0000000000000177       0x34 ./Drivers/STM32G4xx_HAL_Driver/Src/stm32g4xx_hal.o
 .ARM.attributes
                0x00000000000001ab       0x34 ./Drivers/STM32G4xx_HAL_Driver/Src/stm32g4xx_hal_adc.o
 .ARM.attributes
                0x00000000000001df       0x34 ./Drivers/STM32G4xx_HAL_Driver/Src/stm32g4xx_hal_adc_ex.o
 .ARM.attributes
                0x0000000000000213       0x34 ./Drivers/STM32G4xx_HAL_Driver/Src/stm32g4xx_hal_cordic.o
 .ARM.attributes
                0x0000000000000247       0x34 ./Drivers/STM32G4xx_HAL_Driver/Src/stm32g4xx_hal_cortex.o
 .ARM.attributes
                0x000000000000027b       0x34 ./Drivers/STM32G4xx_HAL_Driver/Src/stm32g4xx_hal_fmac.o
 .ARM.attributes
                0x00000000000002af       0x34 ./Drivers/STM32G4xx_HAL_Driver/Src/stm32g4xx_hal_gpio.o
 .ARM.attributes
                0x00000000000002e3       0x34 ./Drivers/STM32G4xx_HAL_Driver/Src/stm32g4xx_hal_pcd.o
 .ARM.attributes
                0x0000000000000317       0x34 ./Drivers/STM32G4xx_HAL_Driver/Src/stm32g4xx_hal_pcd_ex.o
 .ARM.attributes
                0x000000000000034b       0x34 ./Drivers/STM32G4xx_HAL_Driver/Src/stm32g4xx_hal_pwr_ex.o
 .ARM.attributes
                0x000000000000037f       0x34 ./Drivers/STM32G4xx_HAL_Driver/Src/stm32g4xx_hal_rcc.o
 .ARM.attributes
                0x00000000000003b3       0x34 ./Drivers/STM32G4xx_HAL_Driver/Src/stm32g4xx_hal_rcc_ex.o
 .ARM.attributes
                0x00000000000003e7       0x34 ./Drivers/STM32G4xx_HAL_Driver/Src/stm32g4xx_hal_spi.o
 .ARM.attributes
                0x000000000000041b       0x34 ./Drivers/STM32G4xx_HAL_Driver/Src/stm32g4xx_hal_tim.o
 .ARM.attributes
                0x000000000000044f       0x34 ./Drivers/STM32G4xx_HAL_Driver/Src/stm32g4xx_hal_tim_ex.o
 .ARM.attributes
                0x0000000000000483       0x34 ./Drivers/STM32G4xx_HAL_Driver/Src/stm32g4xx_ll_usb.o
 .ARM.attributes
                0x00000000000004b7       0x34 ./Middlewares/ST/STM32_USB_Device_Library/Class/DFU/Src/usbd_dfu.o
 .ARM.attributes