../Core/Src/main.c:114:5:main	8	static
../Core/Src/main.c:219:6:SystemClock_Config	112	static
../Core/Src/main.c:283:13:MX_ADC1_Init	56	static
../Core/Src/main.c:351:13:MX_ADC2_Init	40	static
../Core/Src/main.c:410:13:MX_ADC3_Init	40	static
../Core/Src/main.c:469:13:MX_CORDIC_Init	8	static
../Core/Src/main.c:495:13:MX_FMAC_Init	8	static
../Core/Src/main.c:521:13:MX_SPI3_Init	8	static
../Core/Src/main.c:561:13:MX_GPIO_Init	48	static
../Core/Src/main.c:661:6:BlinkTask1Function	16	static
../Core/Src/main.c:684:6:BlinkTask2Function	16	static
../Core/Src/main.c:708:6:HAL_TIM_PeriodElapsedCallback	16	static
../Core/Src/main.c:725:6:Error_Handler	4	static,ignoring_inline_asm
